ARM GAS  C:\Users\User\AppData\Local\Temp\cc9LmHGU.s 			page 1


   1              		.syntax unified
   2              		.cpu cortex-m0
   3              		.fpu softvfp
   4              		.eabi_attribute 20, 1
   5              		.eabi_attribute 21, 1
   6              		.eabi_attribute 23, 3
   7              		.eabi_attribute 24, 1
   8              		.eabi_attribute 25, 1
   9              		.eabi_attribute 26, 1
  10              		.eabi_attribute 30, 1
  11              		.eabi_attribute 34, 0
  12              		.eabi_attribute 18, 4
  13              		.thumb
  14              		.syntax unified
  15              		.file	"cyfitter_cfg.c"
  16              		.text
  17              	.Ltext0:
  18              		.cfi_sections	.debug_frame
  19              		.section	.text.cfg_write_bytes32,"ax",%progbits
  20              		.align	2
  21              		.code	16
  22              		.thumb_func
  23              		.type	cfg_write_bytes32, %function
  24              	cfg_write_bytes32:
  25              	.LFB4:
  26              		.file 1 "Generated_Source\\PSoC4\\cyfitter_cfg.c"
   1:Generated_Source\PSoC4/cyfitter_cfg.c **** 
   2:Generated_Source\PSoC4/cyfitter_cfg.c **** /*******************************************************************************
   3:Generated_Source\PSoC4/cyfitter_cfg.c **** * File Name: cyfitter_cfg.c
   4:Generated_Source\PSoC4/cyfitter_cfg.c **** * 
   5:Generated_Source\PSoC4/cyfitter_cfg.c **** * PSoC Creator  4.2
   6:Generated_Source\PSoC4/cyfitter_cfg.c **** *
   7:Generated_Source\PSoC4/cyfitter_cfg.c **** * Description:
   8:Generated_Source\PSoC4/cyfitter_cfg.c **** * This file contains device initialization code.
   9:Generated_Source\PSoC4/cyfitter_cfg.c **** * Except for the user defined sections in CyClockStartupError(), this file should not be modified.
  10:Generated_Source\PSoC4/cyfitter_cfg.c **** * This file is automatically generated by PSoC Creator.
  11:Generated_Source\PSoC4/cyfitter_cfg.c **** *
  12:Generated_Source\PSoC4/cyfitter_cfg.c **** ********************************************************************************
  13:Generated_Source\PSoC4/cyfitter_cfg.c **** * Copyright (c) 2007-2018 Cypress Semiconductor.  All rights reserved.
  14:Generated_Source\PSoC4/cyfitter_cfg.c **** * You may use this file only in accordance with the license, terms, conditions, 
  15:Generated_Source\PSoC4/cyfitter_cfg.c **** * disclaimers, and limitations in the end user license agreement accompanying 
  16:Generated_Source\PSoC4/cyfitter_cfg.c **** * the software package with which this file was provided.
  17:Generated_Source\PSoC4/cyfitter_cfg.c **** ********************************************************************************/
  18:Generated_Source\PSoC4/cyfitter_cfg.c **** 
  19:Generated_Source\PSoC4/cyfitter_cfg.c **** #include <string.h>
  20:Generated_Source\PSoC4/cyfitter_cfg.c **** #include "cytypes.h"
  21:Generated_Source\PSoC4/cyfitter_cfg.c **** #include "cydevice_trm.h"
  22:Generated_Source\PSoC4/cyfitter_cfg.c **** #include "cyfitter.h"
  23:Generated_Source\PSoC4/cyfitter_cfg.c **** #include "CyLib.h"
  24:Generated_Source\PSoC4/cyfitter_cfg.c **** #include "CyLFClk.h"
  25:Generated_Source\PSoC4/cyfitter_cfg.c **** #include "cyfitter_cfg.h"
  26:Generated_Source\PSoC4/cyfitter_cfg.c **** #include "cyapicallbacks.h"
  27:Generated_Source\PSoC4/cyfitter_cfg.c **** 
  28:Generated_Source\PSoC4/cyfitter_cfg.c **** 
  29:Generated_Source\PSoC4/cyfitter_cfg.c **** #if defined(__GNUC__) || defined(__ARMCC_VERSION)
  30:Generated_Source\PSoC4/cyfitter_cfg.c ****     #define CYPACKED 
  31:Generated_Source\PSoC4/cyfitter_cfg.c ****     #define CYPACKED_ATTR __attribute__ ((packed))
ARM GAS  C:\Users\User\AppData\Local\Temp\cc9LmHGU.s 			page 2


  32:Generated_Source\PSoC4/cyfitter_cfg.c ****     #define CYALIGNED __attribute__ ((aligned))
  33:Generated_Source\PSoC4/cyfitter_cfg.c ****     #define CY_CFG_UNUSED __attribute__ ((unused))
  34:Generated_Source\PSoC4/cyfitter_cfg.c ****     #ifndef CY_CFG_SECTION
  35:Generated_Source\PSoC4/cyfitter_cfg.c ****         #define CY_CFG_SECTION __attribute__ ((section(".psocinit")))
  36:Generated_Source\PSoC4/cyfitter_cfg.c ****     #endif
  37:Generated_Source\PSoC4/cyfitter_cfg.c ****     
  38:Generated_Source\PSoC4/cyfitter_cfg.c ****     #if defined(__ARMCC_VERSION)
  39:Generated_Source\PSoC4/cyfitter_cfg.c ****         #define CY_CFG_MEMORY_BARRIER() __memory_changed()
  40:Generated_Source\PSoC4/cyfitter_cfg.c ****     #else
  41:Generated_Source\PSoC4/cyfitter_cfg.c ****         #define CY_CFG_MEMORY_BARRIER() __sync_synchronize()
  42:Generated_Source\PSoC4/cyfitter_cfg.c ****     #endif
  43:Generated_Source\PSoC4/cyfitter_cfg.c ****     
  44:Generated_Source\PSoC4/cyfitter_cfg.c **** #elif defined(__ICCARM__)
  45:Generated_Source\PSoC4/cyfitter_cfg.c ****     #include <intrinsics.h>
  46:Generated_Source\PSoC4/cyfitter_cfg.c **** 
  47:Generated_Source\PSoC4/cyfitter_cfg.c ****     #define CYPACKED __packed
  48:Generated_Source\PSoC4/cyfitter_cfg.c ****     #define CYPACKED_ATTR 
  49:Generated_Source\PSoC4/cyfitter_cfg.c ****     #define CYALIGNED _Pragma("data_alignment=4")
  50:Generated_Source\PSoC4/cyfitter_cfg.c ****     #define CY_CFG_UNUSED _Pragma("diag_suppress=Pe177")
  51:Generated_Source\PSoC4/cyfitter_cfg.c ****     #define CY_CFG_SECTION _Pragma("location=\".psocinit\"")
  52:Generated_Source\PSoC4/cyfitter_cfg.c ****     
  53:Generated_Source\PSoC4/cyfitter_cfg.c ****     #define CY_CFG_MEMORY_BARRIER() __DMB()
  54:Generated_Source\PSoC4/cyfitter_cfg.c ****     
  55:Generated_Source\PSoC4/cyfitter_cfg.c **** #else
  56:Generated_Source\PSoC4/cyfitter_cfg.c ****     #error Unsupported toolchain
  57:Generated_Source\PSoC4/cyfitter_cfg.c **** #endif
  58:Generated_Source\PSoC4/cyfitter_cfg.c **** 
  59:Generated_Source\PSoC4/cyfitter_cfg.c **** #ifndef CYCODE
  60:Generated_Source\PSoC4/cyfitter_cfg.c ****     #define CYCODE
  61:Generated_Source\PSoC4/cyfitter_cfg.c **** #endif
  62:Generated_Source\PSoC4/cyfitter_cfg.c **** #ifndef CYDATA
  63:Generated_Source\PSoC4/cyfitter_cfg.c ****     #define CYDATA
  64:Generated_Source\PSoC4/cyfitter_cfg.c **** #endif
  65:Generated_Source\PSoC4/cyfitter_cfg.c **** #ifndef CYFAR
  66:Generated_Source\PSoC4/cyfitter_cfg.c ****     #define CYFAR
  67:Generated_Source\PSoC4/cyfitter_cfg.c **** #endif
  68:Generated_Source\PSoC4/cyfitter_cfg.c **** #ifndef CYXDATA
  69:Generated_Source\PSoC4/cyfitter_cfg.c ****     #define CYXDATA
  70:Generated_Source\PSoC4/cyfitter_cfg.c **** #endif
  71:Generated_Source\PSoC4/cyfitter_cfg.c **** 
  72:Generated_Source\PSoC4/cyfitter_cfg.c **** 
  73:Generated_Source\PSoC4/cyfitter_cfg.c **** CY_CFG_UNUSED
  74:Generated_Source\PSoC4/cyfitter_cfg.c **** static void CYMEMZERO(void *s, size_t n);
  75:Generated_Source\PSoC4/cyfitter_cfg.c **** CY_CFG_UNUSED
  76:Generated_Source\PSoC4/cyfitter_cfg.c **** static void CYMEMZERO(void *s, size_t n)
  77:Generated_Source\PSoC4/cyfitter_cfg.c **** {
  78:Generated_Source\PSoC4/cyfitter_cfg.c **** 	(void)memset(s, 0, n);
  79:Generated_Source\PSoC4/cyfitter_cfg.c **** }
  80:Generated_Source\PSoC4/cyfitter_cfg.c **** CY_CFG_UNUSED
  81:Generated_Source\PSoC4/cyfitter_cfg.c **** static void CYCONFIGCPY(void *dest, const void *src, size_t n);
  82:Generated_Source\PSoC4/cyfitter_cfg.c **** CY_CFG_UNUSED
  83:Generated_Source\PSoC4/cyfitter_cfg.c **** static void CYCONFIGCPY(void *dest, const void *src, size_t n)
  84:Generated_Source\PSoC4/cyfitter_cfg.c **** {
  85:Generated_Source\PSoC4/cyfitter_cfg.c **** 	(void)memcpy(dest, src, n);
  86:Generated_Source\PSoC4/cyfitter_cfg.c **** }
  87:Generated_Source\PSoC4/cyfitter_cfg.c **** CY_CFG_UNUSED
  88:Generated_Source\PSoC4/cyfitter_cfg.c **** static void CYCONFIGCPYCODE(void *dest, const void *src, size_t n);
ARM GAS  C:\Users\User\AppData\Local\Temp\cc9LmHGU.s 			page 3


  89:Generated_Source\PSoC4/cyfitter_cfg.c **** CY_CFG_UNUSED
  90:Generated_Source\PSoC4/cyfitter_cfg.c **** static void CYCONFIGCPYCODE(void *dest, const void *src, size_t n)
  91:Generated_Source\PSoC4/cyfitter_cfg.c **** {
  92:Generated_Source\PSoC4/cyfitter_cfg.c **** 	(void)memcpy(dest, src, n);
  93:Generated_Source\PSoC4/cyfitter_cfg.c **** }
  94:Generated_Source\PSoC4/cyfitter_cfg.c **** 
  95:Generated_Source\PSoC4/cyfitter_cfg.c **** 
  96:Generated_Source\PSoC4/cyfitter_cfg.c **** 
  97:Generated_Source\PSoC4/cyfitter_cfg.c **** 
  98:Generated_Source\PSoC4/cyfitter_cfg.c **** /* Clock startup error codes                                                   */
  99:Generated_Source\PSoC4/cyfitter_cfg.c **** #define CYCLOCKSTART_NO_ERROR    0u
 100:Generated_Source\PSoC4/cyfitter_cfg.c **** #define CYCLOCKSTART_XTAL_ERROR  1u
 101:Generated_Source\PSoC4/cyfitter_cfg.c **** #define CYCLOCKSTART_32KHZ_ERROR 2u
 102:Generated_Source\PSoC4/cyfitter_cfg.c **** #define CYCLOCKSTART_PLL_ERROR   3u
 103:Generated_Source\PSoC4/cyfitter_cfg.c **** #define CYCLOCKSTART_FLL_ERROR   4u
 104:Generated_Source\PSoC4/cyfitter_cfg.c **** #define CYCLOCKSTART_WCO_ERROR   5u
 105:Generated_Source\PSoC4/cyfitter_cfg.c **** 
 106:Generated_Source\PSoC4/cyfitter_cfg.c **** 
 107:Generated_Source\PSoC4/cyfitter_cfg.c **** #ifdef CY_NEED_CYCLOCKSTARTUPERROR
 108:Generated_Source\PSoC4/cyfitter_cfg.c **** /*******************************************************************************
 109:Generated_Source\PSoC4/cyfitter_cfg.c **** * Function Name: CyClockStartupError
 110:Generated_Source\PSoC4/cyfitter_cfg.c **** ********************************************************************************
 111:Generated_Source\PSoC4/cyfitter_cfg.c **** * Summary:
 112:Generated_Source\PSoC4/cyfitter_cfg.c **** *  If an error is encountered during clock configuration (crystal startup error,
 113:Generated_Source\PSoC4/cyfitter_cfg.c **** *  PLL lock error, etc.), the system will end up here.  Unless reimplemented by
 114:Generated_Source\PSoC4/cyfitter_cfg.c **** *  the customer, this function will stop in an infinite loop.
 115:Generated_Source\PSoC4/cyfitter_cfg.c **** *
 116:Generated_Source\PSoC4/cyfitter_cfg.c **** * Parameters:
 117:Generated_Source\PSoC4/cyfitter_cfg.c **** *   void
 118:Generated_Source\PSoC4/cyfitter_cfg.c **** *
 119:Generated_Source\PSoC4/cyfitter_cfg.c **** * Return:
 120:Generated_Source\PSoC4/cyfitter_cfg.c **** *   void
 121:Generated_Source\PSoC4/cyfitter_cfg.c **** *
 122:Generated_Source\PSoC4/cyfitter_cfg.c **** *******************************************************************************/
 123:Generated_Source\PSoC4/cyfitter_cfg.c **** CY_CFG_UNUSED
 124:Generated_Source\PSoC4/cyfitter_cfg.c **** static void CyClockStartupError(uint8 errorCode);
 125:Generated_Source\PSoC4/cyfitter_cfg.c **** CY_CFG_UNUSED
 126:Generated_Source\PSoC4/cyfitter_cfg.c **** static void CyClockStartupError(uint8 errorCode)
 127:Generated_Source\PSoC4/cyfitter_cfg.c **** {
 128:Generated_Source\PSoC4/cyfitter_cfg.c ****     /* To remove the compiler warning if errorCode not used.                */
 129:Generated_Source\PSoC4/cyfitter_cfg.c ****     errorCode = errorCode;
 130:Generated_Source\PSoC4/cyfitter_cfg.c **** 
 131:Generated_Source\PSoC4/cyfitter_cfg.c ****     /* If we have a clock startup error (bad MHz crystal, PLL lock, etc.),  */
 132:Generated_Source\PSoC4/cyfitter_cfg.c ****     /* we will end up here to allow the customer to implement something to  */
 133:Generated_Source\PSoC4/cyfitter_cfg.c ****     /* deal with the clock condition.                                       */
 134:Generated_Source\PSoC4/cyfitter_cfg.c **** 
 135:Generated_Source\PSoC4/cyfitter_cfg.c **** #ifdef CY_CFG_CLOCK_STARTUP_ERROR_CALLBACK
 136:Generated_Source\PSoC4/cyfitter_cfg.c ****     CY_CFG_Clock_Startup_ErrorCallback();
 137:Generated_Source\PSoC4/cyfitter_cfg.c **** #else
 138:Generated_Source\PSoC4/cyfitter_cfg.c ****     /*  If not using CY_CFG_CLOCK_STARTUP_ERROR_CALLBACK, place your clock startup code here. */
 139:Generated_Source\PSoC4/cyfitter_cfg.c ****     /* `#START CyClockStartupError` */
 140:Generated_Source\PSoC4/cyfitter_cfg.c **** 
 141:Generated_Source\PSoC4/cyfitter_cfg.c **** 
 142:Generated_Source\PSoC4/cyfitter_cfg.c **** 
 143:Generated_Source\PSoC4/cyfitter_cfg.c ****     /* `#END` */
 144:Generated_Source\PSoC4/cyfitter_cfg.c **** 
 145:Generated_Source\PSoC4/cyfitter_cfg.c ****     while(1) {}
ARM GAS  C:\Users\User\AppData\Local\Temp\cc9LmHGU.s 			page 4


 146:Generated_Source\PSoC4/cyfitter_cfg.c **** #endif /* CY_CFG_CLOCK_STARTUP_ERROR_CALLBACK */
 147:Generated_Source\PSoC4/cyfitter_cfg.c **** }
 148:Generated_Source\PSoC4/cyfitter_cfg.c **** #endif
 149:Generated_Source\PSoC4/cyfitter_cfg.c **** 
 150:Generated_Source\PSoC4/cyfitter_cfg.c **** #define CY_CFG_BASE_ADDR_COUNT 6u
 151:Generated_Source\PSoC4/cyfitter_cfg.c **** CYPACKED typedef struct
 152:Generated_Source\PSoC4/cyfitter_cfg.c **** {
 153:Generated_Source\PSoC4/cyfitter_cfg.c **** 	uint8 offset;
 154:Generated_Source\PSoC4/cyfitter_cfg.c **** 	uint8 value;
 155:Generated_Source\PSoC4/cyfitter_cfg.c **** } CYPACKED_ATTR cy_cfg_addrvalue_t;
 156:Generated_Source\PSoC4/cyfitter_cfg.c **** 
 157:Generated_Source\PSoC4/cyfitter_cfg.c **** 
 158:Generated_Source\PSoC4/cyfitter_cfg.c **** 
 159:Generated_Source\PSoC4/cyfitter_cfg.c **** /*******************************************************************************
 160:Generated_Source\PSoC4/cyfitter_cfg.c **** * Function Name: cfg_write_bytes32
 161:Generated_Source\PSoC4/cyfitter_cfg.c **** ********************************************************************************
 162:Generated_Source\PSoC4/cyfitter_cfg.c **** * Summary:
 163:Generated_Source\PSoC4/cyfitter_cfg.c **** *  This function is used for setting up the chip configuration areas that
 164:Generated_Source\PSoC4/cyfitter_cfg.c **** *  contain relatively sparse data.
 165:Generated_Source\PSoC4/cyfitter_cfg.c **** *
 166:Generated_Source\PSoC4/cyfitter_cfg.c **** * Parameters:
 167:Generated_Source\PSoC4/cyfitter_cfg.c **** *   void
 168:Generated_Source\PSoC4/cyfitter_cfg.c **** *
 169:Generated_Source\PSoC4/cyfitter_cfg.c **** * Return:
 170:Generated_Source\PSoC4/cyfitter_cfg.c **** *   void
 171:Generated_Source\PSoC4/cyfitter_cfg.c **** *
 172:Generated_Source\PSoC4/cyfitter_cfg.c **** *******************************************************************************/
 173:Generated_Source\PSoC4/cyfitter_cfg.c **** static void cfg_write_bytes32(const uint32 addr_table[], const cy_cfg_addrvalue_t data_table[]);
 174:Generated_Source\PSoC4/cyfitter_cfg.c **** static void cfg_write_bytes32(const uint32 addr_table[], const cy_cfg_addrvalue_t data_table[])
 175:Generated_Source\PSoC4/cyfitter_cfg.c **** {
  27              		.loc 1 175 0
  28              		.cfi_startproc
  29              		@ args = 0, pretend = 0, frame = 0
  30              		@ frame_needed = 0, uses_anonymous_args = 0
  31              	.LVL0:
  32 0000 F0B5     		push	{r4, r5, r6, r7, lr}
  33              		.cfi_def_cfa_offset 20
  34              		.cfi_offset 4, -20
  35              		.cfi_offset 5, -16
  36              		.cfi_offset 6, -12
  37              		.cfi_offset 7, -8
  38              		.cfi_offset 14, -4
  39              	.LVL1:
 176:Generated_Source\PSoC4/cyfitter_cfg.c **** 	/* For 32-bit little-endian architectures */
 177:Generated_Source\PSoC4/cyfitter_cfg.c **** 	uint32 i, j = 0u;
  40              		.loc 1 177 0
  41 0002 0025     		movs	r5, #0
 178:Generated_Source\PSoC4/cyfitter_cfg.c **** 	for (i = 0u; i < CY_CFG_BASE_ADDR_COUNT; i++)
  42              		.loc 1 178 0
  43 0004 0027     		movs	r7, #0
  44 0006 11E0     		b	.L2
  45              	.LVL2:
  46              	.L5:
  47              	.LBB2:
 179:Generated_Source\PSoC4/cyfitter_cfg.c **** 	{
 180:Generated_Source\PSoC4/cyfitter_cfg.c **** 		uint32 baseAddr = addr_table[i];
  48              		.loc 1 180 0
ARM GAS  C:\Users\User\AppData\Local\Temp\cc9LmHGU.s 			page 5


  49 0008 BB00     		lsls	r3, r7, #2
  50 000a C658     		ldr	r6, [r0, r3]
  51              	.LVL3:
 181:Generated_Source\PSoC4/cyfitter_cfg.c **** 		uint8 count = (uint8)baseAddr;
  52              		.loc 1 181 0
  53 000c F3B2     		uxtb	r3, r6
  54              	.LVL4:
 182:Generated_Source\PSoC4/cyfitter_cfg.c **** 		baseAddr &= 0xFFFFFF00u;
  55              		.loc 1 182 0
  56 000e FF22     		movs	r2, #255
  57 0010 9643     		bics	r6, r2
  58              	.LVL5:
 183:Generated_Source\PSoC4/cyfitter_cfg.c **** 		while (count != 0u)
  59              		.loc 1 183 0
  60 0012 08E0     		b	.L3
  61              	.L4:
 184:Generated_Source\PSoC4/cyfitter_cfg.c **** 		{
 185:Generated_Source\PSoC4/cyfitter_cfg.c **** 			CY_SET_REG8((void *)(baseAddr + data_table[j].offset), data_table[j].value);
  62              		.loc 1 185 0
  63 0014 6A00     		lsls	r2, r5, #1
  64 0016 8A18     		adds	r2, r1, r2
  65 0018 1478     		ldrb	r4, [r2]
  66 001a A419     		adds	r4, r4, r6
  67 001c 5278     		ldrb	r2, [r2, #1]
  68 001e 2270     		strb	r2, [r4]
 186:Generated_Source\PSoC4/cyfitter_cfg.c **** 			j++;
  69              		.loc 1 186 0
  70 0020 0135     		adds	r5, r5, #1
  71              	.LVL6:
 187:Generated_Source\PSoC4/cyfitter_cfg.c **** 			count--;
  72              		.loc 1 187 0
  73 0022 013B     		subs	r3, r3, #1
  74              	.LVL7:
  75 0024 DBB2     		uxtb	r3, r3
  76              	.LVL8:
  77              	.L3:
 183:Generated_Source\PSoC4/cyfitter_cfg.c **** 		{
  78              		.loc 1 183 0
  79 0026 002B     		cmp	r3, #0
  80 0028 F4D1     		bne	.L4
  81              	.LBE2:
 178:Generated_Source\PSoC4/cyfitter_cfg.c **** 	{
  82              		.loc 1 178 0 discriminator 2
  83 002a 0137     		adds	r7, r7, #1
  84              	.LVL9:
  85              	.L2:
 178:Generated_Source\PSoC4/cyfitter_cfg.c **** 	{
  86              		.loc 1 178 0 is_stmt 0 discriminator 1
  87 002c 052F     		cmp	r7, #5
  88 002e EBD9     		bls	.L5
 188:Generated_Source\PSoC4/cyfitter_cfg.c **** 		}
 189:Generated_Source\PSoC4/cyfitter_cfg.c **** 	}
 190:Generated_Source\PSoC4/cyfitter_cfg.c **** }
  89              		.loc 1 190 0 is_stmt 1
  90              		@ sp needed
  91              	.LVL10:
  92              	.LVL11:
ARM GAS  C:\Users\User\AppData\Local\Temp\cc9LmHGU.s 			page 6


  93 0030 F0BD     		pop	{r4, r5, r6, r7, pc}
  94              		.cfi_endproc
  95              	.LFE4:
  96              		.size	cfg_write_bytes32, .-cfg_write_bytes32
  97 0032 C046     		.section	.text.AnalogSetDefault,"ax",%progbits
  98              		.align	2
  99              		.code	16
 100              		.thumb_func
 101              		.type	AnalogSetDefault, %function
 102              	AnalogSetDefault:
 103              	.LFB6:
 191:Generated_Source\PSoC4/cyfitter_cfg.c **** 
 192:Generated_Source\PSoC4/cyfitter_cfg.c **** 
 193:Generated_Source\PSoC4/cyfitter_cfg.c **** /*******************************************************************************
 194:Generated_Source\PSoC4/cyfitter_cfg.c **** * Function Name: ClockSetup
 195:Generated_Source\PSoC4/cyfitter_cfg.c **** ********************************************************************************
 196:Generated_Source\PSoC4/cyfitter_cfg.c **** *
 197:Generated_Source\PSoC4/cyfitter_cfg.c **** * Summary:
 198:Generated_Source\PSoC4/cyfitter_cfg.c **** *   Performs the initialization of all of the clocks in the device based on the
 199:Generated_Source\PSoC4/cyfitter_cfg.c **** *   settings in the Clock tab of the DWR.  This includes enabling the requested
 200:Generated_Source\PSoC4/cyfitter_cfg.c **** *   clocks and setting the necessary dividers to produce the desired frequency. 
 201:Generated_Source\PSoC4/cyfitter_cfg.c **** *
 202:Generated_Source\PSoC4/cyfitter_cfg.c **** * Parameters:
 203:Generated_Source\PSoC4/cyfitter_cfg.c **** *   void
 204:Generated_Source\PSoC4/cyfitter_cfg.c **** *
 205:Generated_Source\PSoC4/cyfitter_cfg.c **** * Return:
 206:Generated_Source\PSoC4/cyfitter_cfg.c **** *   void
 207:Generated_Source\PSoC4/cyfitter_cfg.c **** *
 208:Generated_Source\PSoC4/cyfitter_cfg.c **** *******************************************************************************/
 209:Generated_Source\PSoC4/cyfitter_cfg.c **** static void ClockSetup(void);
 210:Generated_Source\PSoC4/cyfitter_cfg.c **** CY_CFG_SECTION
 211:Generated_Source\PSoC4/cyfitter_cfg.c **** static void ClockSetup(void)
 212:Generated_Source\PSoC4/cyfitter_cfg.c **** {
 213:Generated_Source\PSoC4/cyfitter_cfg.c **** 
 214:Generated_Source\PSoC4/cyfitter_cfg.c **** 	/* Set Flash Cycles based on max possible frequency in case a glitch occurs during ClockSetup(). *
 215:Generated_Source\PSoC4/cyfitter_cfg.c **** 	CY_SET_REG32((void CYXDATA *)(CYREG_CPUSS_FLASH_CTL), (0x0012u));
 216:Generated_Source\PSoC4/cyfitter_cfg.c **** 	CySysClkImoEnableUsbLock();
 217:Generated_Source\PSoC4/cyfitter_cfg.c **** 	/* Setup and trim IMO based on desired frequency. */
 218:Generated_Source\PSoC4/cyfitter_cfg.c **** 	CySysClkWriteImoFreq(48u);
 219:Generated_Source\PSoC4/cyfitter_cfg.c **** 	/* CYDEV_CLK_ILO_CONFIG Starting address: CYDEV_CLK_ILO_CONFIG */
 220:Generated_Source\PSoC4/cyfitter_cfg.c **** 	CY_SET_REG32((void *)(CYREG_CLK_ILO_CONFIG), 0x80000006u);
 221:Generated_Source\PSoC4/cyfitter_cfg.c **** 
 222:Generated_Source\PSoC4/cyfitter_cfg.c **** 
 223:Generated_Source\PSoC4/cyfitter_cfg.c **** 	/* Setup phase aligned clocks */
 224:Generated_Source\PSoC4/cyfitter_cfg.c **** 
 225:Generated_Source\PSoC4/cyfitter_cfg.c **** 	/* CYDEV_CLK_IMO_CONFIG Starting address: CYDEV_CLK_IMO_CONFIG */
 226:Generated_Source\PSoC4/cyfitter_cfg.c **** 	CY_SET_REG32((void *)(CYREG_CLK_IMO_CONFIG), 0x80000000u);
 227:Generated_Source\PSoC4/cyfitter_cfg.c **** 
 228:Generated_Source\PSoC4/cyfitter_cfg.c **** 	/* CYDEV_CLK_SELECT Starting address: CYDEV_CLK_SELECT */
 229:Generated_Source\PSoC4/cyfitter_cfg.c **** 	CY_SET_REG32((void *)(CYREG_CLK_SELECT), 0x00040000u);
 230:Generated_Source\PSoC4/cyfitter_cfg.c **** 
 231:Generated_Source\PSoC4/cyfitter_cfg.c **** 	(void)CyIntSetVector(8u, &CySysWdtIsr);
 232:Generated_Source\PSoC4/cyfitter_cfg.c **** 	CyIntEnable(8u);
 233:Generated_Source\PSoC4/cyfitter_cfg.c **** 	CY_SET_REG32((void *)(CYREG_WDT_CONFIG), 0x00000000u);
 234:Generated_Source\PSoC4/cyfitter_cfg.c **** }
 235:Generated_Source\PSoC4/cyfitter_cfg.c **** 
 236:Generated_Source\PSoC4/cyfitter_cfg.c **** 
ARM GAS  C:\Users\User\AppData\Local\Temp\cc9LmHGU.s 			page 7


 237:Generated_Source\PSoC4/cyfitter_cfg.c **** /* Analog API Functions */
 238:Generated_Source\PSoC4/cyfitter_cfg.c **** 
 239:Generated_Source\PSoC4/cyfitter_cfg.c **** 
 240:Generated_Source\PSoC4/cyfitter_cfg.c **** /*******************************************************************************
 241:Generated_Source\PSoC4/cyfitter_cfg.c **** * Function Name: AnalogSetDefault
 242:Generated_Source\PSoC4/cyfitter_cfg.c **** ********************************************************************************
 243:Generated_Source\PSoC4/cyfitter_cfg.c **** *
 244:Generated_Source\PSoC4/cyfitter_cfg.c **** * Summary:
 245:Generated_Source\PSoC4/cyfitter_cfg.c **** *  Sets up the analog portions of the chip to default values based on chip
 246:Generated_Source\PSoC4/cyfitter_cfg.c **** *  configuration options from the project.
 247:Generated_Source\PSoC4/cyfitter_cfg.c **** *
 248:Generated_Source\PSoC4/cyfitter_cfg.c **** * Parameters:
 249:Generated_Source\PSoC4/cyfitter_cfg.c **** *  void
 250:Generated_Source\PSoC4/cyfitter_cfg.c **** *
 251:Generated_Source\PSoC4/cyfitter_cfg.c **** * Return:
 252:Generated_Source\PSoC4/cyfitter_cfg.c **** *  void
 253:Generated_Source\PSoC4/cyfitter_cfg.c **** *
 254:Generated_Source\PSoC4/cyfitter_cfg.c **** *******************************************************************************/
 255:Generated_Source\PSoC4/cyfitter_cfg.c **** static void AnalogSetDefault(void);
 256:Generated_Source\PSoC4/cyfitter_cfg.c **** static void AnalogSetDefault(void)
 257:Generated_Source\PSoC4/cyfitter_cfg.c **** {
 104              		.loc 1 257 0
 105              		.cfi_startproc
 106              		@ args = 0, pretend = 0, frame = 0
 107              		@ frame_needed = 0, uses_anonymous_args = 0
 108              		@ link register save eliminated.
 258:Generated_Source\PSoC4/cyfitter_cfg.c **** 	CY_SET_XTND_REG32((void CYFAR *)CYREG_CTBM0_DFT_CTRL, 0x00000003u);
 109              		.loc 1 258 0
 110 0000 0323     		movs	r3, #3
 111 0002 044A     		ldr	r2, .L7
 112 0004 1360     		str	r3, [r2]
 259:Generated_Source\PSoC4/cyfitter_cfg.c **** 	CY_SET_XTND_REG32((void CYFAR *)CYREG_CTBM1_DFT_CTRL, 0x00000003u);
 113              		.loc 1 259 0
 114 0006 044A     		ldr	r2, .L7+4
 115 0008 1360     		str	r3, [r2]
 260:Generated_Source\PSoC4/cyfitter_cfg.c **** 	CY_SET_XTND_REG32((void CYFAR *)CYREG_PASS_DSAB_DSAB_CTRL, 0x00000000u);
 116              		.loc 1 260 0
 117 000a 0022     		movs	r2, #0
 118 000c 034B     		ldr	r3, .L7+8
 119 000e 1A60     		str	r2, [r3]
 261:Generated_Source\PSoC4/cyfitter_cfg.c **** }
 120              		.loc 1 261 0
 121              		@ sp needed
 122 0010 7047     		bx	lr
 123              	.L8:
 124 0012 C046     		.align	2
 125              	.L7:
 126 0014 30003040 		.word	1076887600
 127 0018 30003140 		.word	1076953136
 128 001c 000E3F40 		.word	1077874176
 129              		.cfi_endproc
 130              	.LFE6:
 131              		.size	AnalogSetDefault, .-AnalogSetDefault
 132              		.section	.text.CYMEMZERO,"ax",%progbits
 133              		.align	2
 134              		.code	16
 135              		.thumb_func
ARM GAS  C:\Users\User\AppData\Local\Temp\cc9LmHGU.s 			page 8


 136              		.type	CYMEMZERO, %function
 137              	CYMEMZERO:
 138              	.LFB1:
  77:Generated_Source\PSoC4/cyfitter_cfg.c **** 	(void)memset(s, 0, n);
 139              		.loc 1 77 0
 140              		.cfi_startproc
 141              		@ args = 0, pretend = 0, frame = 0
 142              		@ frame_needed = 0, uses_anonymous_args = 0
 143              	.LVL12:
 144 0000 10B5     		push	{r4, lr}
 145              		.cfi_def_cfa_offset 8
 146              		.cfi_offset 4, -8
 147              		.cfi_offset 14, -4
 148 0002 0A00     		movs	r2, r1
  78:Generated_Source\PSoC4/cyfitter_cfg.c **** }
 149              		.loc 1 78 0
 150 0004 0021     		movs	r1, #0
 151              	.LVL13:
 152 0006 FFF7FEFF 		bl	memset
 153              	.LVL14:
  79:Generated_Source\PSoC4/cyfitter_cfg.c **** CY_CFG_UNUSED
 154              		.loc 1 79 0
 155              		@ sp needed
 156 000a 10BD     		pop	{r4, pc}
 157              		.cfi_endproc
 158              	.LFE1:
 159              		.size	CYMEMZERO, .-CYMEMZERO
 160              		.section	.psocinit,"ax",%progbits
 161              		.align	2
 162              		.code	16
 163              		.thumb_func
 164              		.type	ClockSetup, %function
 165              	ClockSetup:
 166              	.LFB5:
 212:Generated_Source\PSoC4/cyfitter_cfg.c **** 
 167              		.loc 1 212 0
 168              		.cfi_startproc
 169              		@ args = 0, pretend = 0, frame = 0
 170              		@ frame_needed = 0, uses_anonymous_args = 0
 171 0000 10B5     		push	{r4, lr}
 172              		.cfi_def_cfa_offset 8
 173              		.cfi_offset 4, -8
 174              		.cfi_offset 14, -4
 215:Generated_Source\PSoC4/cyfitter_cfg.c **** 	CySysClkImoEnableUsbLock();
 175              		.loc 1 215 0
 176 0002 1222     		movs	r2, #18
 177 0004 0D4B     		ldr	r3, .L11
 178 0006 1A60     		str	r2, [r3]
 216:Generated_Source\PSoC4/cyfitter_cfg.c **** 	/* Setup and trim IMO based on desired frequency. */
 179              		.loc 1 216 0
 180 0008 FFF7FEFF 		bl	CySysClkImoEnableUsbLock
 181              	.LVL15:
 218:Generated_Source\PSoC4/cyfitter_cfg.c **** 	/* CYDEV_CLK_ILO_CONFIG Starting address: CYDEV_CLK_ILO_CONFIG */
 182              		.loc 1 218 0
 183 000c 3020     		movs	r0, #48
 184 000e FFF7FEFF 		bl	CySysClkWriteImoFreq
 185              	.LVL16:
ARM GAS  C:\Users\User\AppData\Local\Temp\cc9LmHGU.s 			page 9


 220:Generated_Source\PSoC4/cyfitter_cfg.c **** 
 186              		.loc 1 220 0
 187 0012 0B4A     		ldr	r2, .L11+4
 188 0014 0B4B     		ldr	r3, .L11+8
 189 0016 1A60     		str	r2, [r3]
 226:Generated_Source\PSoC4/cyfitter_cfg.c **** 
 190              		.loc 1 226 0
 191 0018 063A     		subs	r2, r2, #6
 192 001a 0B4B     		ldr	r3, .L11+12
 193 001c 1A60     		str	r2, [r3]
 229:Generated_Source\PSoC4/cyfitter_cfg.c **** 
 194              		.loc 1 229 0
 195 001e 8022     		movs	r2, #128
 196 0020 D202     		lsls	r2, r2, #11
 197 0022 0A4B     		ldr	r3, .L11+16
 198 0024 1A60     		str	r2, [r3]
 231:Generated_Source\PSoC4/cyfitter_cfg.c **** 	CyIntEnable(8u);
 199              		.loc 1 231 0
 200 0026 0A49     		ldr	r1, .L11+20
 201 0028 0820     		movs	r0, #8
 202 002a FFF7FEFF 		bl	CyIntSetVector
 203              	.LVL17:
 232:Generated_Source\PSoC4/cyfitter_cfg.c **** 	CY_SET_REG32((void *)(CYREG_WDT_CONFIG), 0x00000000u);
 204              		.loc 1 232 0
 205 002e 0820     		movs	r0, #8
 206 0030 FFF7FEFF 		bl	CyIntEnable
 207              	.LVL18:
 233:Generated_Source\PSoC4/cyfitter_cfg.c **** }
 208              		.loc 1 233 0
 209 0034 0022     		movs	r2, #0
 210 0036 074B     		ldr	r3, .L11+24
 211 0038 1A60     		str	r2, [r3]
 234:Generated_Source\PSoC4/cyfitter_cfg.c **** 
 212              		.loc 1 234 0
 213              		@ sp needed
 214 003a 10BD     		pop	{r4, pc}
 215              	.L12:
 216              		.align	2
 217              	.L11:
 218 003c 30001040 		.word	1074790448
 219 0040 06000080 		.word	-2147483642
 220 0044 04010B40 		.word	1074462980
 221 0048 08010B40 		.word	1074462984
 222 004c 00010B40 		.word	1074462976
 223 0050 00000000 		.word	CySysWdtIsr
 224 0054 0C020B40 		.word	1074463244
 225              		.cfi_endproc
 226              	.LFE5:
 227              		.size	ClockSetup, .-ClockSetup
 228              		.align	2
 229              		.global	cyfitter_cfg
 230              		.code	16
 231              		.thumb_func
 232              		.type	cyfitter_cfg, %function
 233              	cyfitter_cfg:
 234              	.LFB7:
 262:Generated_Source\PSoC4/cyfitter_cfg.c **** 
ARM GAS  C:\Users\User\AppData\Local\Temp\cc9LmHGU.s 			page 10


 263:Generated_Source\PSoC4/cyfitter_cfg.c **** 
 264:Generated_Source\PSoC4/cyfitter_cfg.c **** 
 265:Generated_Source\PSoC4/cyfitter_cfg.c **** 
 266:Generated_Source\PSoC4/cyfitter_cfg.c **** /*******************************************************************************
 267:Generated_Source\PSoC4/cyfitter_cfg.c **** * Function Name: cyfitter_cfg
 268:Generated_Source\PSoC4/cyfitter_cfg.c **** ********************************************************************************
 269:Generated_Source\PSoC4/cyfitter_cfg.c **** * Summary:
 270:Generated_Source\PSoC4/cyfitter_cfg.c **** *  This function is called by the start-up code for the selected device. It
 271:Generated_Source\PSoC4/cyfitter_cfg.c **** *  performs all of the necessary device configuration based on the design
 272:Generated_Source\PSoC4/cyfitter_cfg.c **** *  settings.  This includes settings from the Design Wide Resources (DWR) such
 273:Generated_Source\PSoC4/cyfitter_cfg.c **** *  as Clocks and Pins as well as any component configuration that is necessary.
 274:Generated_Source\PSoC4/cyfitter_cfg.c **** *
 275:Generated_Source\PSoC4/cyfitter_cfg.c **** * Parameters:
 276:Generated_Source\PSoC4/cyfitter_cfg.c **** *   void
 277:Generated_Source\PSoC4/cyfitter_cfg.c **** *
 278:Generated_Source\PSoC4/cyfitter_cfg.c **** * Return:
 279:Generated_Source\PSoC4/cyfitter_cfg.c **** *   void
 280:Generated_Source\PSoC4/cyfitter_cfg.c **** *
 281:Generated_Source\PSoC4/cyfitter_cfg.c **** *******************************************************************************/
 282:Generated_Source\PSoC4/cyfitter_cfg.c **** CY_CFG_SECTION
 283:Generated_Source\PSoC4/cyfitter_cfg.c **** void cyfitter_cfg(void)
 284:Generated_Source\PSoC4/cyfitter_cfg.c **** {
 235              		.loc 1 284 0
 236              		.cfi_startproc
 237              		@ args = 0, pretend = 0, frame = 0
 238              		@ frame_needed = 0, uses_anonymous_args = 0
 239 0058 10B5     		push	{r4, lr}
 240              		.cfi_def_cfa_offset 8
 241              		.cfi_offset 4, -8
 242              		.cfi_offset 14, -4
 285:Generated_Source\PSoC4/cyfitter_cfg.c **** 	/* Disable interrupts by default. Let user enable if/when they want. */
 286:Generated_Source\PSoC4/cyfitter_cfg.c **** 	CyGlobalIntDisable;
 243              		.loc 1 286 0
 244              		.syntax divided
 245              	@ 286 "Generated_Source\PSoC4\cyfitter_cfg.c" 1
 246 005a 72B6     		CPSID   i
 247              	@ 0 "" 2
 287:Generated_Source\PSoC4/cyfitter_cfg.c **** 
 288:Generated_Source\PSoC4/cyfitter_cfg.c **** 	/* Enable the clock in the interrupt controller for the routed interrupts */
 289:Generated_Source\PSoC4/cyfitter_cfg.c **** 	CY_SET_REG8((void *)CYREG_UDB_UDB_INT_CLK_CTL, 0x01u);
 248              		.loc 1 289 0
 249              		.thumb
 250              		.syntax unified
 251 005c 0122     		movs	r2, #1
 252 005e 1E4B     		ldr	r3, .L16
 253 0060 1A70     		strb	r2, [r3]
 254              	.LVL19:
 255              	.LBB3:
 290:Generated_Source\PSoC4/cyfitter_cfg.c **** 	{
 291:Generated_Source\PSoC4/cyfitter_cfg.c **** 		static const uint32 CYCODE cy_cfg_addr_table[] = {
 292:Generated_Source\PSoC4/cyfitter_cfg.c **** 			0x400F3701u, /* Base address: 0x400F3700 Count: 1 */
 293:Generated_Source\PSoC4/cyfitter_cfg.c **** 			0x400F4002u, /* Base address: 0x400F4000 Count: 2 */
 294:Generated_Source\PSoC4/cyfitter_cfg.c **** 			0x400F4101u, /* Base address: 0x400F4100 Count: 1 */
 295:Generated_Source\PSoC4/cyfitter_cfg.c **** 			0x400F4201u, /* Base address: 0x400F4200 Count: 1 */
 296:Generated_Source\PSoC4/cyfitter_cfg.c **** 			0x400F4302u, /* Base address: 0x400F4300 Count: 2 */
 297:Generated_Source\PSoC4/cyfitter_cfg.c **** 			0x400F4704u, /* Base address: 0x400F4700 Count: 4 */
 298:Generated_Source\PSoC4/cyfitter_cfg.c **** 		};
ARM GAS  C:\Users\User\AppData\Local\Temp\cc9LmHGU.s 			page 11


 299:Generated_Source\PSoC4/cyfitter_cfg.c **** 
 300:Generated_Source\PSoC4/cyfitter_cfg.c **** 		static const cy_cfg_addrvalue_t CYCODE cy_cfg_data_table[] = {
 301:Generated_Source\PSoC4/cyfitter_cfg.c **** 			{0xE2u, 0x80u},
 302:Generated_Source\PSoC4/cyfitter_cfg.c **** 			{0x68u, 0x01u},
 303:Generated_Source\PSoC4/cyfitter_cfg.c **** 			{0xDAu, 0x40u},
 304:Generated_Source\PSoC4/cyfitter_cfg.c **** 			{0xA4u, 0x01u},
 305:Generated_Source\PSoC4/cyfitter_cfg.c **** 			{0xA4u, 0x01u},
 306:Generated_Source\PSoC4/cyfitter_cfg.c **** 			{0x88u, 0x01u},
 307:Generated_Source\PSoC4/cyfitter_cfg.c **** 			{0xA4u, 0x01u},
 308:Generated_Source\PSoC4/cyfitter_cfg.c **** 			{0x2Du, 0x08u},
 309:Generated_Source\PSoC4/cyfitter_cfg.c **** 			{0x89u, 0x08u},
 310:Generated_Source\PSoC4/cyfitter_cfg.c **** 			{0xCAu, 0x01u},
 311:Generated_Source\PSoC4/cyfitter_cfg.c **** 			{0xE2u, 0x01u},
 312:Generated_Source\PSoC4/cyfitter_cfg.c **** 		};
 313:Generated_Source\PSoC4/cyfitter_cfg.c **** 
 314:Generated_Source\PSoC4/cyfitter_cfg.c **** 
 315:Generated_Source\PSoC4/cyfitter_cfg.c **** 
 316:Generated_Source\PSoC4/cyfitter_cfg.c **** 		CYPACKED typedef struct {
 317:Generated_Source\PSoC4/cyfitter_cfg.c **** 			void CYFAR *address;
 318:Generated_Source\PSoC4/cyfitter_cfg.c **** 			uint16 size;
 319:Generated_Source\PSoC4/cyfitter_cfg.c **** 		} CYPACKED_ATTR cfg_memset_t;
 320:Generated_Source\PSoC4/cyfitter_cfg.c **** 
 321:Generated_Source\PSoC4/cyfitter_cfg.c **** 		static const cfg_memset_t CYCODE cfg_memset_list[] = {
 322:Generated_Source\PSoC4/cyfitter_cfg.c **** 			/* address, size */
 323:Generated_Source\PSoC4/cyfitter_cfg.c **** 			{(void CYFAR *)(CYDEV_UDB_P0_U0_BASE), 2048u},
 324:Generated_Source\PSoC4/cyfitter_cfg.c **** 			{(void CYFAR *)(CYDEV_UDB_DSI0_BASE), 2048u},
 325:Generated_Source\PSoC4/cyfitter_cfg.c **** 		};
 326:Generated_Source\PSoC4/cyfitter_cfg.c **** 
 327:Generated_Source\PSoC4/cyfitter_cfg.c **** 		uint8 CYDATA i;
 328:Generated_Source\PSoC4/cyfitter_cfg.c **** 
 329:Generated_Source\PSoC4/cyfitter_cfg.c **** 		/* Zero out critical memory blocks before beginning configuration */
 330:Generated_Source\PSoC4/cyfitter_cfg.c **** 		for (i = 0u; i < (sizeof(cfg_memset_list)/sizeof(cfg_memset_list[0])); i++)
 256              		.loc 1 330 0
 257 0062 0024     		movs	r4, #0
 258 0064 0FE0     		b	.L14
 259              	.LVL20:
 260              	.L15:
 261              	.LBB4:
 331:Generated_Source\PSoC4/cyfitter_cfg.c **** 		{
 332:Generated_Source\PSoC4/cyfitter_cfg.c **** 			const cfg_memset_t CYCODE * CYDATA ms = &cfg_memset_list[i];
 333:Generated_Source\PSoC4/cyfitter_cfg.c **** 			CYMEMZERO(ms->address, (size_t)(uint32)(ms->size));
 262              		.loc 1 333 0 discriminator 3
 263 0066 1D48     		ldr	r0, .L16+4
 264 0068 6200     		lsls	r2, r4, #1
 265 006a 1319     		adds	r3, r2, r4
 266 006c 5900     		lsls	r1, r3, #1
 267 006e 0B00     		movs	r3, r1
 268 0070 4118     		adds	r1, r0, r1
 269 0072 8988     		ldrh	r1, [r1, #4]
 270 0074 1A5A     		ldrh	r2, [r3, r0]
 271 0076 C318     		adds	r3, r0, r3
 272 0078 5888     		ldrh	r0, [r3, #2]
 273 007a 0004     		lsls	r0, r0, #16
 274 007c 1043     		orrs	r0, r2
 275 007e FFF7FEFF 		bl	CYMEMZERO
 276              	.LVL21:
 277              	.LBE4:
ARM GAS  C:\Users\User\AppData\Local\Temp\cc9LmHGU.s 			page 12


 330:Generated_Source\PSoC4/cyfitter_cfg.c **** 		{
 278              		.loc 1 330 0 discriminator 3
 279 0082 0134     		adds	r4, r4, #1
 280              	.LVL22:
 281 0084 E4B2     		uxtb	r4, r4
 282              	.LVL23:
 283              	.L14:
 330:Generated_Source\PSoC4/cyfitter_cfg.c **** 		{
 284              		.loc 1 330 0 is_stmt 0 discriminator 1
 285 0086 012C     		cmp	r4, #1
 286 0088 EDD9     		bls	.L15
 334:Generated_Source\PSoC4/cyfitter_cfg.c **** 		}
 335:Generated_Source\PSoC4/cyfitter_cfg.c **** 
 336:Generated_Source\PSoC4/cyfitter_cfg.c **** 		cfg_write_bytes32(cy_cfg_addr_table, cy_cfg_data_table);
 287              		.loc 1 336 0 is_stmt 1
 288 008a 1448     		ldr	r0, .L16+4
 289 008c 0100     		movs	r1, r0
 290 008e 0C31     		adds	r1, r1, #12
 291 0090 2430     		adds	r0, r0, #36
 292 0092 FFF7FEFF 		bl	cfg_write_bytes32
 293              	.LVL24:
 337:Generated_Source\PSoC4/cyfitter_cfg.c **** 
 338:Generated_Source\PSoC4/cyfitter_cfg.c **** 		/* HSIOM Starting address: CYDEV_HSIOM_BASE */
 339:Generated_Source\PSoC4/cyfitter_cfg.c **** 		CY_SET_REG32((void *)(CYREG_HSIOM_PORT_SEL3), 0x0000EE00u);
 294              		.loc 1 339 0
 295 0096 EE22     		movs	r2, #238
 296 0098 1202     		lsls	r2, r2, #8
 297 009a 114B     		ldr	r3, .L16+8
 298 009c 1A60     		str	r2, [r3]
 340:Generated_Source\PSoC4/cyfitter_cfg.c **** 
 341:Generated_Source\PSoC4/cyfitter_cfg.c **** 		/* UDB_PA_7 Starting address: CYDEV_UDB_PA7_BASE */
 342:Generated_Source\PSoC4/cyfitter_cfg.c **** 		CY_SET_REG32((void *)(CYDEV_UDB_PA7_BASE), 0x00990000u);
 299              		.loc 1 342 0
 300 009e 9922     		movs	r2, #153
 301 00a0 1204     		lsls	r2, r2, #16
 302 00a2 104B     		ldr	r3, .L16+12
 303 00a4 1A60     		str	r2, [r3]
 343:Generated_Source\PSoC4/cyfitter_cfg.c **** 
 344:Generated_Source\PSoC4/cyfitter_cfg.c **** 		/* INT_SELECT Starting address: CYDEV_CPUSS_INT_SEL */
 345:Generated_Source\PSoC4/cyfitter_cfg.c **** 		CY_SET_REG32((void *)(CYREG_CPUSS_INT_SEL), 0x00000001u);
 304              		.loc 1 345 0
 305 00a6 0122     		movs	r2, #1
 306 00a8 0F4B     		ldr	r3, .L16+16
 307 00aa 1A60     		str	r2, [r3]
 346:Generated_Source\PSoC4/cyfitter_cfg.c **** 
 347:Generated_Source\PSoC4/cyfitter_cfg.c **** 		/* Enable digital routing */
 348:Generated_Source\PSoC4/cyfitter_cfg.c **** 		CY_SET_XTND_REG8((void *)CYREG_UDB_UDB_BANK_CTL, (uint8)(CY_GET_XTND_REG8((void *)CYREG_UDB_UDB_B
 308              		.loc 1 348 0
 309 00ac 0F4A     		ldr	r2, .L16+20
 310 00ae 1178     		ldrb	r1, [r2]
 311 00b0 0623     		movs	r3, #6
 312 00b2 0B43     		orrs	r3, r1
 313 00b4 DBB2     		uxtb	r3, r3
 314 00b6 1370     		strb	r3, [r2]
 315              	.LBE3:
 349:Generated_Source\PSoC4/cyfitter_cfg.c **** 	}
 350:Generated_Source\PSoC4/cyfitter_cfg.c **** 
ARM GAS  C:\Users\User\AppData\Local\Temp\cc9LmHGU.s 			page 13


 351:Generated_Source\PSoC4/cyfitter_cfg.c **** 	/* Perform second pass device configuration. These items must be configured in specific order afte
 352:Generated_Source\PSoC4/cyfitter_cfg.c **** 	/* IOPINS0_13 Starting address: CYDEV_GPIO_PRT13_BASE */
 353:Generated_Source\PSoC4/cyfitter_cfg.c **** 	CY_SET_REG32((void *)(CYDEV_GPIO_PRT13_BASE), 0x00000003u);
 316              		.loc 1 353 0
 317 00b8 0322     		movs	r2, #3
 318 00ba 0D4B     		ldr	r3, .L16+24
 319 00bc 1A60     		str	r2, [r3]
 354:Generated_Source\PSoC4/cyfitter_cfg.c **** 	CY_SET_REG32((void *)(CYREG_GPIO_PRT13_INTR_CFG), 0x00000002u);
 320              		.loc 1 354 0
 321 00be 013A     		subs	r2, r2, #1
 322 00c0 0C4B     		ldr	r3, .L16+28
 323 00c2 1A60     		str	r2, [r3]
 355:Generated_Source\PSoC4/cyfitter_cfg.c **** 
 356:Generated_Source\PSoC4/cyfitter_cfg.c **** 	/* IOPINS0_3 Starting address: CYDEV_GPIO_PRT3_BASE */
 357:Generated_Source\PSoC4/cyfitter_cfg.c **** 	CY_SET_REG32((void *)(CYREG_GPIO_PRT3_PC), 0x00000D80u);
 324              		.loc 1 357 0
 325 00c4 D822     		movs	r2, #216
 326 00c6 1201     		lsls	r2, r2, #4
 327 00c8 0B4B     		ldr	r3, .L16+32
 328 00ca 1A60     		str	r2, [r3]
 358:Generated_Source\PSoC4/cyfitter_cfg.c **** 
 359:Generated_Source\PSoC4/cyfitter_cfg.c **** 
 360:Generated_Source\PSoC4/cyfitter_cfg.c **** 	/* Setup clocks based on selections from Clock DWR */
 361:Generated_Source\PSoC4/cyfitter_cfg.c **** 	ClockSetup();
 329              		.loc 1 361 0
 330 00cc FFF798FF 		bl	ClockSetup
 331              	.LVL25:
 362:Generated_Source\PSoC4/cyfitter_cfg.c **** 
 363:Generated_Source\PSoC4/cyfitter_cfg.c **** 	/* Perform basic analog initialization to defaults */
 364:Generated_Source\PSoC4/cyfitter_cfg.c **** 	AnalogSetDefault();
 332              		.loc 1 364 0
 333 00d0 FFF7FEFF 		bl	AnalogSetDefault
 334              	.LVL26:
 365:Generated_Source\PSoC4/cyfitter_cfg.c **** 
 366:Generated_Source\PSoC4/cyfitter_cfg.c **** }
 335              		.loc 1 366 0
 336              		@ sp needed
 337              	.LVL27:
 338 00d4 10BD     		pop	{r4, pc}
 339              	.L17:
 340 00d6 C046     		.align	2
 341              	.L16:
 342 00d8 1C700F40 		.word	1074753564
 343 00dc 00000000 		.word	.LANCHOR0
 344 00e0 00030240 		.word	1073873664
 345 00e4 70500F40 		.word	1074745456
 346 00e8 20001040 		.word	1074790432
 347 00ec 00700F40 		.word	1074753536
 348 00f0 000D0440 		.word	1074007296
 349 00f4 0C0D0440 		.word	1074007308
 350 00f8 08030440 		.word	1074004744
 351              		.cfi_endproc
 352              	.LFE7:
 353              		.size	cyfitter_cfg, .-cyfitter_cfg
 354              		.section	.rodata
 355              		.align	2
 356              		.set	.LANCHOR0,. + 0
ARM GAS  C:\Users\User\AppData\Local\Temp\cc9LmHGU.s 			page 14


 357              		.type	cfg_memset_list.4971, %object
 358              		.size	cfg_memset_list.4971, 12
 359              	cfg_memset_list.4971:
 360 0000 00300F40 		.word	1074737152
 361 0004 0008     		.short	2048
 362 0006 00400F40 		.4byte	1074741248
 363 000a 0008     		.short	2048
 364              		.type	cy_cfg_data_table.4966, %object
 365              		.size	cy_cfg_data_table.4966, 22
 366              	cy_cfg_data_table.4966:
 367 000c E2       		.byte	-30
 368 000d 80       		.byte	-128
 369 000e 68       		.byte	104
 370 000f 01       		.byte	1
 371 0010 DA       		.byte	-38
 372 0011 40       		.byte	64
 373 0012 A4       		.byte	-92
 374 0013 01       		.byte	1
 375 0014 A4       		.byte	-92
 376 0015 01       		.byte	1
 377 0016 88       		.byte	-120
 378 0017 01       		.byte	1
 379 0018 A4       		.byte	-92
 380 0019 01       		.byte	1
 381 001a 2D       		.byte	45
 382 001b 08       		.byte	8
 383 001c 89       		.byte	-119
 384 001d 08       		.byte	8
 385 001e CA       		.byte	-54
 386 001f 01       		.byte	1
 387 0020 E2       		.byte	-30
 388 0021 01       		.byte	1
 389 0022 0000     		.space	2
 390              		.type	cy_cfg_addr_table.4965, %object
 391              		.size	cy_cfg_addr_table.4965, 24
 392              	cy_cfg_addr_table.4965:
 393 0024 01370F40 		.word	1074738945
 394 0028 02400F40 		.word	1074741250
 395 002c 01410F40 		.word	1074741505
 396 0030 01420F40 		.word	1074741761
 397 0034 02430F40 		.word	1074742018
 398 0038 04470F40 		.word	1074743044
 399              		.text
 400              	.Letext0:
 401              		.file 2 "c:\\program files (x86)\\cypress\\psoc creator\\4.2\\psoc creator\\import\\gnu\\arm\\5.4.
 402              		.file 3 "Generated_Source\\PSoC4\\cytypes.h"
 403              		.file 4 "Generated_Source\\PSoC4\\CyLib.h"
 404              		.section	.debug_info,"",%progbits
 405              	.Ldebug_info0:
 406 0000 CC030000 		.4byte	0x3cc
 407 0004 0400     		.2byte	0x4
 408 0006 00000000 		.4byte	.Ldebug_abbrev0
 409 000a 04       		.byte	0x4
 410 000b 01       		.uleb128 0x1
 411 000c 80010000 		.4byte	.LASF40
 412 0010 0C       		.byte	0xc
 413 0011 AD020000 		.4byte	.LASF41
ARM GAS  C:\Users\User\AppData\Local\Temp\cc9LmHGU.s 			page 15


 414 0015 7E000000 		.4byte	.LASF42
 415 0019 00000000 		.4byte	.Ldebug_ranges0+0
 416 001d 00000000 		.4byte	0
 417 0021 00000000 		.4byte	.Ldebug_line0
 418 0025 02       		.uleb128 0x2
 419 0026 04       		.byte	0x4
 420 0027 05       		.byte	0x5
 421 0028 696E7400 		.ascii	"int\000"
 422 002c 03       		.uleb128 0x3
 423 002d 06000000 		.4byte	.LASF12
 424 0031 02       		.byte	0x2
 425 0032 D8       		.byte	0xd8
 426 0033 37000000 		.4byte	0x37
 427 0037 04       		.uleb128 0x4
 428 0038 04       		.byte	0x4
 429 0039 07       		.byte	0x7
 430 003a 2E010000 		.4byte	.LASF0
 431 003e 04       		.uleb128 0x4
 432 003f 08       		.byte	0x8
 433 0040 05       		.byte	0x5
 434 0041 40020000 		.4byte	.LASF1
 435 0045 04       		.uleb128 0x4
 436 0046 08       		.byte	0x8
 437 0047 04       		.byte	0x4
 438 0048 95020000 		.4byte	.LASF2
 439 004c 04       		.uleb128 0x4
 440 004d 01       		.byte	0x1
 441 004e 06       		.byte	0x6
 442 004f A1020000 		.4byte	.LASF3
 443 0053 04       		.uleb128 0x4
 444 0054 01       		.byte	0x1
 445 0055 08       		.byte	0x8
 446 0056 D0000000 		.4byte	.LASF4
 447 005a 04       		.uleb128 0x4
 448 005b 02       		.byte	0x2
 449 005c 05       		.byte	0x5
 450 005d 6D020000 		.4byte	.LASF5
 451 0061 04       		.uleb128 0x4
 452 0062 02       		.byte	0x2
 453 0063 07       		.byte	0x7
 454 0064 2D020000 		.4byte	.LASF6
 455 0068 04       		.uleb128 0x4
 456 0069 04       		.byte	0x4
 457 006a 05       		.byte	0x5
 458 006b 8C020000 		.4byte	.LASF7
 459 006f 04       		.uleb128 0x4
 460 0070 04       		.byte	0x4
 461 0071 07       		.byte	0x7
 462 0072 AE000000 		.4byte	.LASF8
 463 0076 04       		.uleb128 0x4
 464 0077 08       		.byte	0x8
 465 0078 07       		.byte	0x7
 466 0079 50010000 		.4byte	.LASF9
 467 007d 04       		.uleb128 0x4
 468 007e 04       		.byte	0x4
 469 007f 07       		.byte	0x7
 470 0080 24020000 		.4byte	.LASF10
ARM GAS  C:\Users\User\AppData\Local\Temp\cc9LmHGU.s 			page 16


 471 0084 05       		.uleb128 0x5
 472 0085 04       		.byte	0x4
 473 0086 04       		.uleb128 0x4
 474 0087 01       		.byte	0x1
 475 0088 08       		.byte	0x8
 476 0089 4E020000 		.4byte	.LASF11
 477 008d 06       		.uleb128 0x6
 478 008e C0000000 		.4byte	.LASF13
 479 0092 03       		.byte	0x3
 480 0093 E401     		.2byte	0x1e4
 481 0095 53000000 		.4byte	0x53
 482 0099 06       		.uleb128 0x6
 483 009a 15010000 		.4byte	.LASF14
 484 009e 03       		.byte	0x3
 485 009f E501     		.2byte	0x1e5
 486 00a1 61000000 		.4byte	0x61
 487 00a5 06       		.uleb128 0x6
 488 00a6 27010000 		.4byte	.LASF15
 489 00aa 03       		.byte	0x3
 490 00ab E601     		.2byte	0x1e6
 491 00ad 6F000000 		.4byte	0x6f
 492 00b1 04       		.uleb128 0x4
 493 00b2 04       		.byte	0x4
 494 00b3 04       		.byte	0x4
 495 00b4 68000000 		.4byte	.LASF16
 496 00b8 04       		.uleb128 0x4
 497 00b9 08       		.byte	0x8
 498 00ba 04       		.byte	0x4
 499 00bb E5000000 		.4byte	.LASF17
 500 00bf 06       		.uleb128 0x6
 501 00c0 A9000000 		.4byte	.LASF18
 502 00c4 03       		.byte	0x3
 503 00c5 8E02     		.2byte	0x28e
 504 00c7 CB000000 		.4byte	0xcb
 505 00cb 07       		.uleb128 0x7
 506 00cc 8D000000 		.4byte	0x8d
 507 00d0 06       		.uleb128 0x6
 508 00d1 00000000 		.4byte	.LASF19
 509 00d5 03       		.byte	0x3
 510 00d6 9002     		.2byte	0x290
 511 00d8 DC000000 		.4byte	0xdc
 512 00dc 07       		.uleb128 0x7
 513 00dd A5000000 		.4byte	0xa5
 514 00e1 08       		.uleb128 0x8
 515 00e2 02       		.byte	0x2
 516 00e3 01       		.byte	0x1
 517 00e4 97       		.byte	0x97
 518 00e5 02010000 		.4byte	0x102
 519 00e9 09       		.uleb128 0x9
 520 00ea 66020000 		.4byte	.LASF20
 521 00ee 01       		.byte	0x1
 522 00ef 99       		.byte	0x99
 523 00f0 8D000000 		.4byte	0x8d
 524 00f4 00       		.byte	0
 525 00f5 09       		.uleb128 0x9
 526 00f6 2D000000 		.4byte	.LASF21
 527 00fa 01       		.byte	0x1
ARM GAS  C:\Users\User\AppData\Local\Temp\cc9LmHGU.s 			page 17


 528 00fb 9A       		.byte	0x9a
 529 00fc 8D000000 		.4byte	0x8d
 530 0100 01       		.byte	0x1
 531 0101 00       		.byte	0
 532 0102 03       		.uleb128 0x3
 533 0103 53020000 		.4byte	.LASF22
 534 0107 01       		.byte	0x1
 535 0108 9B       		.byte	0x9b
 536 0109 E1000000 		.4byte	0xe1
 537 010d 0A       		.uleb128 0xa
 538 010e EC000000 		.4byte	.LASF27
 539 0112 01       		.byte	0x1
 540 0113 AE       		.byte	0xae
 541 0114 00000000 		.4byte	.LFB4
 542 0118 32000000 		.4byte	.LFE4-.LFB4
 543 011c 01       		.uleb128 0x1
 544 011d 9C       		.byte	0x9c
 545 011e 7F010000 		.4byte	0x17f
 546 0122 0B       		.uleb128 0xb
 547 0123 0A010000 		.4byte	.LASF23
 548 0127 01       		.byte	0x1
 549 0128 AE       		.byte	0xae
 550 0129 7F010000 		.4byte	0x17f
 551 012d 01       		.uleb128 0x1
 552 012e 50       		.byte	0x50
 553 012f 0B       		.uleb128 0xb
 554 0130 1C010000 		.4byte	.LASF24
 555 0134 01       		.byte	0x1
 556 0135 AE       		.byte	0xae
 557 0136 8A010000 		.4byte	0x18a
 558 013a 01       		.uleb128 0x1
 559 013b 51       		.byte	0x51
 560 013c 0C       		.uleb128 0xc
 561 013d 6900     		.ascii	"i\000"
 562 013f 01       		.byte	0x1
 563 0140 B1       		.byte	0xb1
 564 0141 A5000000 		.4byte	0xa5
 565 0145 00000000 		.4byte	.LLST0
 566 0149 0C       		.uleb128 0xc
 567 014a 6A00     		.ascii	"j\000"
 568 014c 01       		.byte	0x1
 569 014d B1       		.byte	0xb1
 570 014e A5000000 		.4byte	0xa5
 571 0152 1F000000 		.4byte	.LLST1
 572 0156 0D       		.uleb128 0xd
 573 0157 08000000 		.4byte	.LBB2
 574 015b 22000000 		.4byte	.LBE2-.LBB2
 575 015f 0E       		.uleb128 0xe
 576 0160 1B020000 		.4byte	.LASF25
 577 0164 01       		.byte	0x1
 578 0165 B4       		.byte	0xb4
 579 0166 A5000000 		.4byte	0xa5
 580 016a 3E000000 		.4byte	.LLST2
 581 016e 0E       		.uleb128 0xe
 582 016f 33000000 		.4byte	.LASF26
 583 0173 01       		.byte	0x1
 584 0174 B5       		.byte	0xb5
ARM GAS  C:\Users\User\AppData\Local\Temp\cc9LmHGU.s 			page 18


 585 0175 8D000000 		.4byte	0x8d
 586 0179 51000000 		.4byte	.LLST3
 587 017d 00       		.byte	0
 588 017e 00       		.byte	0
 589 017f 0F       		.uleb128 0xf
 590 0180 04       		.byte	0x4
 591 0181 85010000 		.4byte	0x185
 592 0185 10       		.uleb128 0x10
 593 0186 A5000000 		.4byte	0xa5
 594 018a 0F       		.uleb128 0xf
 595 018b 04       		.byte	0x4
 596 018c 90010000 		.4byte	0x190
 597 0190 10       		.uleb128 0x10
 598 0191 02010000 		.4byte	0x102
 599 0195 11       		.uleb128 0x11
 600 0196 0D000000 		.4byte	.LASF43
 601 019a 01       		.byte	0x1
 602 019b 0001     		.2byte	0x100
 603 019d 00000000 		.4byte	.LFB6
 604 01a1 20000000 		.4byte	.LFE6-.LFB6
 605 01a5 01       		.uleb128 0x1
 606 01a6 9C       		.byte	0x9c
 607 01a7 0A       		.uleb128 0xa
 608 01a8 C6000000 		.4byte	.LASF28
 609 01ac 01       		.byte	0x1
 610 01ad 4C       		.byte	0x4c
 611 01ae 00000000 		.4byte	.LFB1
 612 01b2 0C000000 		.4byte	.LFE1-.LFB1
 613 01b6 01       		.uleb128 0x1
 614 01b7 9C       		.byte	0x9c
 615 01b8 F4010000 		.4byte	0x1f4
 616 01bc 12       		.uleb128 0x12
 617 01bd 7300     		.ascii	"s\000"
 618 01bf 01       		.byte	0x1
 619 01c0 4C       		.byte	0x4c
 620 01c1 84000000 		.4byte	0x84
 621 01c5 6F000000 		.4byte	.LLST4
 622 01c9 12       		.uleb128 0x12
 623 01ca 6E00     		.ascii	"n\000"
 624 01cc 01       		.byte	0x1
 625 01cd 4C       		.byte	0x4c
 626 01ce 2C000000 		.4byte	0x2c
 627 01d2 90000000 		.4byte	.LLST5
 628 01d6 13       		.uleb128 0x13
 629 01d7 0A000000 		.4byte	.LVL14
 630 01db 9A030000 		.4byte	0x39a
 631 01df 14       		.uleb128 0x14
 632 01e0 01       		.uleb128 0x1
 633 01e1 50       		.byte	0x50
 634 01e2 03       		.uleb128 0x3
 635 01e3 F3       		.byte	0xf3
 636 01e4 01       		.uleb128 0x1
 637 01e5 50       		.byte	0x50
 638 01e6 14       		.uleb128 0x14
 639 01e7 01       		.uleb128 0x1
 640 01e8 51       		.byte	0x51
 641 01e9 01       		.uleb128 0x1
ARM GAS  C:\Users\User\AppData\Local\Temp\cc9LmHGU.s 			page 19


 642 01ea 30       		.byte	0x30
 643 01eb 14       		.uleb128 0x14
 644 01ec 01       		.uleb128 0x1
 645 01ed 52       		.byte	0x52
 646 01ee 03       		.uleb128 0x3
 647 01ef F3       		.byte	0xf3
 648 01f0 01       		.uleb128 0x1
 649 01f1 51       		.byte	0x51
 650 01f2 00       		.byte	0
 651 01f3 00       		.byte	0
 652 01f4 0A       		.uleb128 0xa
 653 01f5 39000000 		.4byte	.LASF29
 654 01f9 01       		.byte	0x1
 655 01fa D3       		.byte	0xd3
 656 01fb 00000000 		.4byte	.LFB5
 657 01ff 58000000 		.4byte	.LFE5-.LFB5
 658 0203 01       		.uleb128 0x1
 659 0204 9C       		.byte	0x9c
 660 0205 49020000 		.4byte	0x249
 661 0209 15       		.uleb128 0x15
 662 020a 0C000000 		.4byte	.LVL15
 663 020e A3030000 		.4byte	0x3a3
 664 0212 16       		.uleb128 0x16
 665 0213 12000000 		.4byte	.LVL16
 666 0217 AE030000 		.4byte	0x3ae
 667 021b 26020000 		.4byte	0x226
 668 021f 14       		.uleb128 0x14
 669 0220 01       		.uleb128 0x1
 670 0221 50       		.byte	0x50
 671 0222 02       		.uleb128 0x2
 672 0223 08       		.byte	0x8
 673 0224 30       		.byte	0x30
 674 0225 00       		.byte	0
 675 0226 16       		.uleb128 0x16
 676 0227 2E000000 		.4byte	.LVL17
 677 022b B9030000 		.4byte	0x3b9
 678 022f 39020000 		.4byte	0x239
 679 0233 14       		.uleb128 0x14
 680 0234 01       		.uleb128 0x1
 681 0235 50       		.byte	0x50
 682 0236 01       		.uleb128 0x1
 683 0237 38       		.byte	0x38
 684 0238 00       		.byte	0
 685 0239 13       		.uleb128 0x13
 686 023a 34000000 		.4byte	.LVL18
 687 023e C4030000 		.4byte	0x3c4
 688 0242 14       		.uleb128 0x14
 689 0243 01       		.uleb128 0x1
 690 0244 50       		.byte	0x50
 691 0245 01       		.uleb128 0x1
 692 0246 38       		.byte	0x38
 693 0247 00       		.byte	0
 694 0248 00       		.byte	0
 695 0249 17       		.uleb128 0x17
 696 024a 3B010000 		.4byte	.LASF44
 697 024e 01       		.byte	0x1
 698 024f 1B01     		.2byte	0x11b
ARM GAS  C:\Users\User\AppData\Local\Temp\cc9LmHGU.s 			page 20


 699 0251 58000000 		.4byte	.LFB7
 700 0255 A4000000 		.4byte	.LFE7-.LFB7
 701 0259 01       		.uleb128 0x1
 702 025a 9C       		.byte	0x9c
 703 025b 70030000 		.4byte	0x370
 704 025f 18       		.uleb128 0x18
 705 0260 62000000 		.4byte	.LBB3
 706 0264 56000000 		.4byte	.LBE3-.LBB3
 707 0268 5D030000 		.4byte	0x35d
 708 026c 19       		.uleb128 0x19
 709 026d 44000000 		.4byte	.LASF30
 710 0271 01       		.byte	0x1
 711 0272 2301     		.2byte	0x123
 712 0274 80030000 		.4byte	0x380
 713 0278 05       		.uleb128 0x5
 714 0279 03       		.byte	0x3
 715 027a 24000000 		.4byte	cy_cfg_addr_table.4965
 716 027e 19       		.uleb128 0x19
 717 027f 56000000 		.4byte	.LASF31
 718 0283 01       		.byte	0x1
 719 0284 2C01     		.2byte	0x12c
 720 0286 95030000 		.4byte	0x395
 721 028a 05       		.uleb128 0x5
 722 028b 03       		.byte	0x3
 723 028c 0C000000 		.4byte	cy_cfg_data_table.4966
 724 0290 1A       		.uleb128 0x1a
 725 0291 06       		.byte	0x6
 726 0292 01       		.byte	0x1
 727 0293 3C01     		.2byte	0x13c
 728 0295 B4020000 		.4byte	0x2b4
 729 0299 1B       		.uleb128 0x1b
 730 029a 48010000 		.4byte	.LASF32
 731 029e 01       		.byte	0x1
 732 029f 3D01     		.2byte	0x13d
 733 02a1 84000000 		.4byte	0x84
 734 02a5 00       		.byte	0
 735 02a6 1B       		.uleb128 0x1b
 736 02a7 D3020000 		.4byte	.LASF33
 737 02ab 01       		.byte	0x1
 738 02ac 3E01     		.2byte	0x13e
 739 02ae 99000000 		.4byte	0x99
 740 02b2 04       		.byte	0x4
 741 02b3 00       		.byte	0
 742 02b4 06       		.uleb128 0x6
 743 02b5 0E020000 		.4byte	.LASF34
 744 02b9 01       		.byte	0x1
 745 02ba 3F01     		.2byte	0x13f
 746 02bc 90020000 		.4byte	0x290
 747 02c0 1C       		.uleb128 0x1c
 748 02c1 D0020000 		.4byte	0x2d0
 749 02c5 D0020000 		.4byte	0x2d0
 750 02c9 1D       		.uleb128 0x1d
 751 02ca 7D000000 		.4byte	0x7d
 752 02ce 01       		.byte	0x1
 753 02cf 00       		.byte	0
 754 02d0 10       		.uleb128 0x10
 755 02d1 B4020000 		.4byte	0x2b4
ARM GAS  C:\Users\User\AppData\Local\Temp\cc9LmHGU.s 			page 21


 756 02d5 19       		.uleb128 0x19
 757 02d6 6E000000 		.4byte	.LASF35
 758 02da 01       		.byte	0x1
 759 02db 4101     		.2byte	0x141
 760 02dd E7020000 		.4byte	0x2e7
 761 02e1 05       		.uleb128 0x5
 762 02e2 03       		.byte	0x3
 763 02e3 00000000 		.4byte	cfg_memset_list.4971
 764 02e7 10       		.uleb128 0x10
 765 02e8 C0020000 		.4byte	0x2c0
 766 02ec 1E       		.uleb128 0x1e
 767 02ed 6900     		.ascii	"i\000"
 768 02ef 01       		.byte	0x1
 769 02f0 4701     		.2byte	0x147
 770 02f2 8D000000 		.4byte	0x8d
 771 02f6 BC000000 		.4byte	.LLST6
 772 02fa 18       		.uleb128 0x18
 773 02fb 66000000 		.4byte	.LBB4
 774 02ff 1C000000 		.4byte	.LBE4-.LBB4
 775 0303 40030000 		.4byte	0x340
 776 0307 1E       		.uleb128 0x1e
 777 0308 6D7300   		.ascii	"ms\000"
 778 030b 01       		.byte	0x1
 779 030c 4C01     		.2byte	0x14c
 780 030e 16030000 		.4byte	0x316
 781 0312 E6000000 		.4byte	.LLST7
 782 0316 0F       		.uleb128 0xf
 783 0317 04       		.byte	0x4
 784 0318 D0020000 		.4byte	0x2d0
 785 031c 13       		.uleb128 0x13
 786 031d 82000000 		.4byte	.LVL21
 787 0321 A7010000 		.4byte	0x1a7
 788 0325 14       		.uleb128 0x14
 789 0326 01       		.uleb128 0x1
 790 0327 51       		.byte	0x51
 791 0328 15       		.uleb128 0x15
 792 0329 74       		.byte	0x74
 793 032a 00       		.sleb128 0
 794 032b 31       		.byte	0x31
 795 032c 24       		.byte	0x24
 796 032d 74       		.byte	0x74
 797 032e 00       		.sleb128 0
 798 032f 22       		.byte	0x22
 799 0330 31       		.byte	0x31
 800 0331 24       		.byte	0x24
 801 0332 03       		.byte	0x3
 802 0333 04000000 		.4byte	.LANCHOR0+4
 803 0337 22       		.byte	0x22
 804 0338 94       		.byte	0x94
 805 0339 02       		.byte	0x2
 806 033a 0A       		.byte	0xa
 807 033b FFFF     		.2byte	0xffff
 808 033d 1A       		.byte	0x1a
 809 033e 00       		.byte	0
 810 033f 00       		.byte	0
 811 0340 13       		.uleb128 0x13
 812 0341 96000000 		.4byte	.LVL24
ARM GAS  C:\Users\User\AppData\Local\Temp\cc9LmHGU.s 			page 22


 813 0345 0D010000 		.4byte	0x10d
 814 0349 14       		.uleb128 0x14
 815 034a 01       		.uleb128 0x1
 816 034b 50       		.byte	0x50
 817 034c 05       		.uleb128 0x5
 818 034d 03       		.byte	0x3
 819 034e 24000000 		.4byte	.LANCHOR0+36
 820 0352 14       		.uleb128 0x14
 821 0353 01       		.uleb128 0x1
 822 0354 51       		.byte	0x51
 823 0355 05       		.uleb128 0x5
 824 0356 03       		.byte	0x3
 825 0357 0C000000 		.4byte	.LANCHOR0+12
 826 035b 00       		.byte	0
 827 035c 00       		.byte	0
 828 035d 15       		.uleb128 0x15
 829 035e D0000000 		.4byte	.LVL25
 830 0362 F4010000 		.4byte	0x1f4
 831 0366 15       		.uleb128 0x15
 832 0367 D4000000 		.4byte	.LVL26
 833 036b 95010000 		.4byte	0x195
 834 036f 00       		.byte	0
 835 0370 1C       		.uleb128 0x1c
 836 0371 85010000 		.4byte	0x185
 837 0375 80030000 		.4byte	0x380
 838 0379 1D       		.uleb128 0x1d
 839 037a 7D000000 		.4byte	0x7d
 840 037e 05       		.byte	0x5
 841 037f 00       		.byte	0
 842 0380 10       		.uleb128 0x10
 843 0381 70030000 		.4byte	0x370
 844 0385 1C       		.uleb128 0x1c
 845 0386 90010000 		.4byte	0x190
 846 038a 95030000 		.4byte	0x395
 847 038e 1D       		.uleb128 0x1d
 848 038f 7D000000 		.4byte	0x7d
 849 0393 0A       		.byte	0xa
 850 0394 00       		.byte	0
 851 0395 10       		.uleb128 0x10
 852 0396 85030000 		.4byte	0x385
 853 039a 1F       		.uleb128 0x1f
 854 039b DE000000 		.4byte	.LASF45
 855 039f DE000000 		.4byte	.LASF45
 856 03a3 20       		.uleb128 0x20
 857 03a4 67010000 		.4byte	.LASF36
 858 03a8 67010000 		.4byte	.LASF36
 859 03ac 04       		.byte	0x4
 860 03ad 62       		.byte	0x62
 861 03ae 20       		.uleb128 0x20
 862 03af 77020000 		.4byte	.LASF37
 863 03b3 77020000 		.4byte	.LASF37
 864 03b7 04       		.byte	0x4
 865 03b8 6C       		.byte	0x6c
 866 03b9 20       		.uleb128 0x20
 867 03ba 1E000000 		.4byte	.LASF38
 868 03be 1E000000 		.4byte	.LASF38
 869 03c2 04       		.byte	0x4
ARM GAS  C:\Users\User\AppData\Local\Temp\cc9LmHGU.s 			page 23


 870 03c3 BD       		.byte	0xbd
 871 03c4 20       		.uleb128 0x20
 872 03c5 FE000000 		.4byte	.LASF39
 873 03c9 FE000000 		.4byte	.LASF39
 874 03cd 04       		.byte	0x4
 875 03ce C3       		.byte	0xc3
 876 03cf 00       		.byte	0
 877              		.section	.debug_abbrev,"",%progbits
 878              	.Ldebug_abbrev0:
 879 0000 01       		.uleb128 0x1
 880 0001 11       		.uleb128 0x11
 881 0002 01       		.byte	0x1
 882 0003 25       		.uleb128 0x25
 883 0004 0E       		.uleb128 0xe
 884 0005 13       		.uleb128 0x13
 885 0006 0B       		.uleb128 0xb
 886 0007 03       		.uleb128 0x3
 887 0008 0E       		.uleb128 0xe
 888 0009 1B       		.uleb128 0x1b
 889 000a 0E       		.uleb128 0xe
 890 000b 55       		.uleb128 0x55
 891 000c 17       		.uleb128 0x17
 892 000d 11       		.uleb128 0x11
 893 000e 01       		.uleb128 0x1
 894 000f 10       		.uleb128 0x10
 895 0010 17       		.uleb128 0x17
 896 0011 00       		.byte	0
 897 0012 00       		.byte	0
 898 0013 02       		.uleb128 0x2
 899 0014 24       		.uleb128 0x24
 900 0015 00       		.byte	0
 901 0016 0B       		.uleb128 0xb
 902 0017 0B       		.uleb128 0xb
 903 0018 3E       		.uleb128 0x3e
 904 0019 0B       		.uleb128 0xb
 905 001a 03       		.uleb128 0x3
 906 001b 08       		.uleb128 0x8
 907 001c 00       		.byte	0
 908 001d 00       		.byte	0
 909 001e 03       		.uleb128 0x3
 910 001f 16       		.uleb128 0x16
 911 0020 00       		.byte	0
 912 0021 03       		.uleb128 0x3
 913 0022 0E       		.uleb128 0xe
 914 0023 3A       		.uleb128 0x3a
 915 0024 0B       		.uleb128 0xb
 916 0025 3B       		.uleb128 0x3b
 917 0026 0B       		.uleb128 0xb
 918 0027 49       		.uleb128 0x49
 919 0028 13       		.uleb128 0x13
 920 0029 00       		.byte	0
 921 002a 00       		.byte	0
 922 002b 04       		.uleb128 0x4
 923 002c 24       		.uleb128 0x24
 924 002d 00       		.byte	0
 925 002e 0B       		.uleb128 0xb
 926 002f 0B       		.uleb128 0xb
ARM GAS  C:\Users\User\AppData\Local\Temp\cc9LmHGU.s 			page 24


 927 0030 3E       		.uleb128 0x3e
 928 0031 0B       		.uleb128 0xb
 929 0032 03       		.uleb128 0x3
 930 0033 0E       		.uleb128 0xe
 931 0034 00       		.byte	0
 932 0035 00       		.byte	0
 933 0036 05       		.uleb128 0x5
 934 0037 0F       		.uleb128 0xf
 935 0038 00       		.byte	0
 936 0039 0B       		.uleb128 0xb
 937 003a 0B       		.uleb128 0xb
 938 003b 00       		.byte	0
 939 003c 00       		.byte	0
 940 003d 06       		.uleb128 0x6
 941 003e 16       		.uleb128 0x16
 942 003f 00       		.byte	0
 943 0040 03       		.uleb128 0x3
 944 0041 0E       		.uleb128 0xe
 945 0042 3A       		.uleb128 0x3a
 946 0043 0B       		.uleb128 0xb
 947 0044 3B       		.uleb128 0x3b
 948 0045 05       		.uleb128 0x5
 949 0046 49       		.uleb128 0x49
 950 0047 13       		.uleb128 0x13
 951 0048 00       		.byte	0
 952 0049 00       		.byte	0
 953 004a 07       		.uleb128 0x7
 954 004b 35       		.uleb128 0x35
 955 004c 00       		.byte	0
 956 004d 49       		.uleb128 0x49
 957 004e 13       		.uleb128 0x13
 958 004f 00       		.byte	0
 959 0050 00       		.byte	0
 960 0051 08       		.uleb128 0x8
 961 0052 13       		.uleb128 0x13
 962 0053 01       		.byte	0x1
 963 0054 0B       		.uleb128 0xb
 964 0055 0B       		.uleb128 0xb
 965 0056 3A       		.uleb128 0x3a
 966 0057 0B       		.uleb128 0xb
 967 0058 3B       		.uleb128 0x3b
 968 0059 0B       		.uleb128 0xb
 969 005a 01       		.uleb128 0x1
 970 005b 13       		.uleb128 0x13
 971 005c 00       		.byte	0
 972 005d 00       		.byte	0
 973 005e 09       		.uleb128 0x9
 974 005f 0D       		.uleb128 0xd
 975 0060 00       		.byte	0
 976 0061 03       		.uleb128 0x3
 977 0062 0E       		.uleb128 0xe
 978 0063 3A       		.uleb128 0x3a
 979 0064 0B       		.uleb128 0xb
 980 0065 3B       		.uleb128 0x3b
 981 0066 0B       		.uleb128 0xb
 982 0067 49       		.uleb128 0x49
 983 0068 13       		.uleb128 0x13
ARM GAS  C:\Users\User\AppData\Local\Temp\cc9LmHGU.s 			page 25


 984 0069 38       		.uleb128 0x38
 985 006a 0B       		.uleb128 0xb
 986 006b 00       		.byte	0
 987 006c 00       		.byte	0
 988 006d 0A       		.uleb128 0xa
 989 006e 2E       		.uleb128 0x2e
 990 006f 01       		.byte	0x1
 991 0070 03       		.uleb128 0x3
 992 0071 0E       		.uleb128 0xe
 993 0072 3A       		.uleb128 0x3a
 994 0073 0B       		.uleb128 0xb
 995 0074 3B       		.uleb128 0x3b
 996 0075 0B       		.uleb128 0xb
 997 0076 27       		.uleb128 0x27
 998 0077 19       		.uleb128 0x19
 999 0078 11       		.uleb128 0x11
 1000 0079 01       		.uleb128 0x1
 1001 007a 12       		.uleb128 0x12
 1002 007b 06       		.uleb128 0x6
 1003 007c 40       		.uleb128 0x40
 1004 007d 18       		.uleb128 0x18
 1005 007e 9742     		.uleb128 0x2117
 1006 0080 19       		.uleb128 0x19
 1007 0081 01       		.uleb128 0x1
 1008 0082 13       		.uleb128 0x13
 1009 0083 00       		.byte	0
 1010 0084 00       		.byte	0
 1011 0085 0B       		.uleb128 0xb
 1012 0086 05       		.uleb128 0x5
 1013 0087 00       		.byte	0
 1014 0088 03       		.uleb128 0x3
 1015 0089 0E       		.uleb128 0xe
 1016 008a 3A       		.uleb128 0x3a
 1017 008b 0B       		.uleb128 0xb
 1018 008c 3B       		.uleb128 0x3b
 1019 008d 0B       		.uleb128 0xb
 1020 008e 49       		.uleb128 0x49
 1021 008f 13       		.uleb128 0x13
 1022 0090 02       		.uleb128 0x2
 1023 0091 18       		.uleb128 0x18
 1024 0092 00       		.byte	0
 1025 0093 00       		.byte	0
 1026 0094 0C       		.uleb128 0xc
 1027 0095 34       		.uleb128 0x34
 1028 0096 00       		.byte	0
 1029 0097 03       		.uleb128 0x3
 1030 0098 08       		.uleb128 0x8
 1031 0099 3A       		.uleb128 0x3a
 1032 009a 0B       		.uleb128 0xb
 1033 009b 3B       		.uleb128 0x3b
 1034 009c 0B       		.uleb128 0xb
 1035 009d 49       		.uleb128 0x49
 1036 009e 13       		.uleb128 0x13
 1037 009f 02       		.uleb128 0x2
 1038 00a0 17       		.uleb128 0x17
 1039 00a1 00       		.byte	0
 1040 00a2 00       		.byte	0
ARM GAS  C:\Users\User\AppData\Local\Temp\cc9LmHGU.s 			page 26


 1041 00a3 0D       		.uleb128 0xd
 1042 00a4 0B       		.uleb128 0xb
 1043 00a5 01       		.byte	0x1
 1044 00a6 11       		.uleb128 0x11
 1045 00a7 01       		.uleb128 0x1
 1046 00a8 12       		.uleb128 0x12
 1047 00a9 06       		.uleb128 0x6
 1048 00aa 00       		.byte	0
 1049 00ab 00       		.byte	0
 1050 00ac 0E       		.uleb128 0xe
 1051 00ad 34       		.uleb128 0x34
 1052 00ae 00       		.byte	0
 1053 00af 03       		.uleb128 0x3
 1054 00b0 0E       		.uleb128 0xe
 1055 00b1 3A       		.uleb128 0x3a
 1056 00b2 0B       		.uleb128 0xb
 1057 00b3 3B       		.uleb128 0x3b
 1058 00b4 0B       		.uleb128 0xb
 1059 00b5 49       		.uleb128 0x49
 1060 00b6 13       		.uleb128 0x13
 1061 00b7 02       		.uleb128 0x2
 1062 00b8 17       		.uleb128 0x17
 1063 00b9 00       		.byte	0
 1064 00ba 00       		.byte	0
 1065 00bb 0F       		.uleb128 0xf
 1066 00bc 0F       		.uleb128 0xf
 1067 00bd 00       		.byte	0
 1068 00be 0B       		.uleb128 0xb
 1069 00bf 0B       		.uleb128 0xb
 1070 00c0 49       		.uleb128 0x49
 1071 00c1 13       		.uleb128 0x13
 1072 00c2 00       		.byte	0
 1073 00c3 00       		.byte	0
 1074 00c4 10       		.uleb128 0x10
 1075 00c5 26       		.uleb128 0x26
 1076 00c6 00       		.byte	0
 1077 00c7 49       		.uleb128 0x49
 1078 00c8 13       		.uleb128 0x13
 1079 00c9 00       		.byte	0
 1080 00ca 00       		.byte	0
 1081 00cb 11       		.uleb128 0x11
 1082 00cc 2E       		.uleb128 0x2e
 1083 00cd 00       		.byte	0
 1084 00ce 03       		.uleb128 0x3
 1085 00cf 0E       		.uleb128 0xe
 1086 00d0 3A       		.uleb128 0x3a
 1087 00d1 0B       		.uleb128 0xb
 1088 00d2 3B       		.uleb128 0x3b
 1089 00d3 05       		.uleb128 0x5
 1090 00d4 27       		.uleb128 0x27
 1091 00d5 19       		.uleb128 0x19
 1092 00d6 11       		.uleb128 0x11
 1093 00d7 01       		.uleb128 0x1
 1094 00d8 12       		.uleb128 0x12
 1095 00d9 06       		.uleb128 0x6
 1096 00da 40       		.uleb128 0x40
 1097 00db 18       		.uleb128 0x18
ARM GAS  C:\Users\User\AppData\Local\Temp\cc9LmHGU.s 			page 27


 1098 00dc 9742     		.uleb128 0x2117
 1099 00de 19       		.uleb128 0x19
 1100 00df 00       		.byte	0
 1101 00e0 00       		.byte	0
 1102 00e1 12       		.uleb128 0x12
 1103 00e2 05       		.uleb128 0x5
 1104 00e3 00       		.byte	0
 1105 00e4 03       		.uleb128 0x3
 1106 00e5 08       		.uleb128 0x8
 1107 00e6 3A       		.uleb128 0x3a
 1108 00e7 0B       		.uleb128 0xb
 1109 00e8 3B       		.uleb128 0x3b
 1110 00e9 0B       		.uleb128 0xb
 1111 00ea 49       		.uleb128 0x49
 1112 00eb 13       		.uleb128 0x13
 1113 00ec 02       		.uleb128 0x2
 1114 00ed 17       		.uleb128 0x17
 1115 00ee 00       		.byte	0
 1116 00ef 00       		.byte	0
 1117 00f0 13       		.uleb128 0x13
 1118 00f1 898201   		.uleb128 0x4109
 1119 00f4 01       		.byte	0x1
 1120 00f5 11       		.uleb128 0x11
 1121 00f6 01       		.uleb128 0x1
 1122 00f7 31       		.uleb128 0x31
 1123 00f8 13       		.uleb128 0x13
 1124 00f9 00       		.byte	0
 1125 00fa 00       		.byte	0
 1126 00fb 14       		.uleb128 0x14
 1127 00fc 8A8201   		.uleb128 0x410a
 1128 00ff 00       		.byte	0
 1129 0100 02       		.uleb128 0x2
 1130 0101 18       		.uleb128 0x18
 1131 0102 9142     		.uleb128 0x2111
 1132 0104 18       		.uleb128 0x18
 1133 0105 00       		.byte	0
 1134 0106 00       		.byte	0
 1135 0107 15       		.uleb128 0x15
 1136 0108 898201   		.uleb128 0x4109
 1137 010b 00       		.byte	0
 1138 010c 11       		.uleb128 0x11
 1139 010d 01       		.uleb128 0x1
 1140 010e 31       		.uleb128 0x31
 1141 010f 13       		.uleb128 0x13
 1142 0110 00       		.byte	0
 1143 0111 00       		.byte	0
 1144 0112 16       		.uleb128 0x16
 1145 0113 898201   		.uleb128 0x4109
 1146 0116 01       		.byte	0x1
 1147 0117 11       		.uleb128 0x11
 1148 0118 01       		.uleb128 0x1
 1149 0119 31       		.uleb128 0x31
 1150 011a 13       		.uleb128 0x13
 1151 011b 01       		.uleb128 0x1
 1152 011c 13       		.uleb128 0x13
 1153 011d 00       		.byte	0
 1154 011e 00       		.byte	0
ARM GAS  C:\Users\User\AppData\Local\Temp\cc9LmHGU.s 			page 28


 1155 011f 17       		.uleb128 0x17
 1156 0120 2E       		.uleb128 0x2e
 1157 0121 01       		.byte	0x1
 1158 0122 3F       		.uleb128 0x3f
 1159 0123 19       		.uleb128 0x19
 1160 0124 03       		.uleb128 0x3
 1161 0125 0E       		.uleb128 0xe
 1162 0126 3A       		.uleb128 0x3a
 1163 0127 0B       		.uleb128 0xb
 1164 0128 3B       		.uleb128 0x3b
 1165 0129 05       		.uleb128 0x5
 1166 012a 27       		.uleb128 0x27
 1167 012b 19       		.uleb128 0x19
 1168 012c 11       		.uleb128 0x11
 1169 012d 01       		.uleb128 0x1
 1170 012e 12       		.uleb128 0x12
 1171 012f 06       		.uleb128 0x6
 1172 0130 40       		.uleb128 0x40
 1173 0131 18       		.uleb128 0x18
 1174 0132 9742     		.uleb128 0x2117
 1175 0134 19       		.uleb128 0x19
 1176 0135 01       		.uleb128 0x1
 1177 0136 13       		.uleb128 0x13
 1178 0137 00       		.byte	0
 1179 0138 00       		.byte	0
 1180 0139 18       		.uleb128 0x18
 1181 013a 0B       		.uleb128 0xb
 1182 013b 01       		.byte	0x1
 1183 013c 11       		.uleb128 0x11
 1184 013d 01       		.uleb128 0x1
 1185 013e 12       		.uleb128 0x12
 1186 013f 06       		.uleb128 0x6
 1187 0140 01       		.uleb128 0x1
 1188 0141 13       		.uleb128 0x13
 1189 0142 00       		.byte	0
 1190 0143 00       		.byte	0
 1191 0144 19       		.uleb128 0x19
 1192 0145 34       		.uleb128 0x34
 1193 0146 00       		.byte	0
 1194 0147 03       		.uleb128 0x3
 1195 0148 0E       		.uleb128 0xe
 1196 0149 3A       		.uleb128 0x3a
 1197 014a 0B       		.uleb128 0xb
 1198 014b 3B       		.uleb128 0x3b
 1199 014c 05       		.uleb128 0x5
 1200 014d 49       		.uleb128 0x49
 1201 014e 13       		.uleb128 0x13
 1202 014f 02       		.uleb128 0x2
 1203 0150 18       		.uleb128 0x18
 1204 0151 00       		.byte	0
 1205 0152 00       		.byte	0
 1206 0153 1A       		.uleb128 0x1a
 1207 0154 13       		.uleb128 0x13
 1208 0155 01       		.byte	0x1
 1209 0156 0B       		.uleb128 0xb
 1210 0157 0B       		.uleb128 0xb
 1211 0158 3A       		.uleb128 0x3a
ARM GAS  C:\Users\User\AppData\Local\Temp\cc9LmHGU.s 			page 29


 1212 0159 0B       		.uleb128 0xb
 1213 015a 3B       		.uleb128 0x3b
 1214 015b 05       		.uleb128 0x5
 1215 015c 01       		.uleb128 0x1
 1216 015d 13       		.uleb128 0x13
 1217 015e 00       		.byte	0
 1218 015f 00       		.byte	0
 1219 0160 1B       		.uleb128 0x1b
 1220 0161 0D       		.uleb128 0xd
 1221 0162 00       		.byte	0
 1222 0163 03       		.uleb128 0x3
 1223 0164 0E       		.uleb128 0xe
 1224 0165 3A       		.uleb128 0x3a
 1225 0166 0B       		.uleb128 0xb
 1226 0167 3B       		.uleb128 0x3b
 1227 0168 05       		.uleb128 0x5
 1228 0169 49       		.uleb128 0x49
 1229 016a 13       		.uleb128 0x13
 1230 016b 38       		.uleb128 0x38
 1231 016c 0B       		.uleb128 0xb
 1232 016d 00       		.byte	0
 1233 016e 00       		.byte	0
 1234 016f 1C       		.uleb128 0x1c
 1235 0170 01       		.uleb128 0x1
 1236 0171 01       		.byte	0x1
 1237 0172 49       		.uleb128 0x49
 1238 0173 13       		.uleb128 0x13
 1239 0174 01       		.uleb128 0x1
 1240 0175 13       		.uleb128 0x13
 1241 0176 00       		.byte	0
 1242 0177 00       		.byte	0
 1243 0178 1D       		.uleb128 0x1d
 1244 0179 21       		.uleb128 0x21
 1245 017a 00       		.byte	0
 1246 017b 49       		.uleb128 0x49
 1247 017c 13       		.uleb128 0x13
 1248 017d 2F       		.uleb128 0x2f
 1249 017e 0B       		.uleb128 0xb
 1250 017f 00       		.byte	0
 1251 0180 00       		.byte	0
 1252 0181 1E       		.uleb128 0x1e
 1253 0182 34       		.uleb128 0x34
 1254 0183 00       		.byte	0
 1255 0184 03       		.uleb128 0x3
 1256 0185 08       		.uleb128 0x8
 1257 0186 3A       		.uleb128 0x3a
 1258 0187 0B       		.uleb128 0xb
 1259 0188 3B       		.uleb128 0x3b
 1260 0189 05       		.uleb128 0x5
 1261 018a 49       		.uleb128 0x49
 1262 018b 13       		.uleb128 0x13
 1263 018c 02       		.uleb128 0x2
 1264 018d 17       		.uleb128 0x17
 1265 018e 00       		.byte	0
 1266 018f 00       		.byte	0
 1267 0190 1F       		.uleb128 0x1f
 1268 0191 2E       		.uleb128 0x2e
ARM GAS  C:\Users\User\AppData\Local\Temp\cc9LmHGU.s 			page 30


 1269 0192 00       		.byte	0
 1270 0193 3F       		.uleb128 0x3f
 1271 0194 19       		.uleb128 0x19
 1272 0195 3C       		.uleb128 0x3c
 1273 0196 19       		.uleb128 0x19
 1274 0197 6E       		.uleb128 0x6e
 1275 0198 0E       		.uleb128 0xe
 1276 0199 03       		.uleb128 0x3
 1277 019a 0E       		.uleb128 0xe
 1278 019b 00       		.byte	0
 1279 019c 00       		.byte	0
 1280 019d 20       		.uleb128 0x20
 1281 019e 2E       		.uleb128 0x2e
 1282 019f 00       		.byte	0
 1283 01a0 3F       		.uleb128 0x3f
 1284 01a1 19       		.uleb128 0x19
 1285 01a2 3C       		.uleb128 0x3c
 1286 01a3 19       		.uleb128 0x19
 1287 01a4 6E       		.uleb128 0x6e
 1288 01a5 0E       		.uleb128 0xe
 1289 01a6 03       		.uleb128 0x3
 1290 01a7 0E       		.uleb128 0xe
 1291 01a8 3A       		.uleb128 0x3a
 1292 01a9 0B       		.uleb128 0xb
 1293 01aa 3B       		.uleb128 0x3b
 1294 01ab 0B       		.uleb128 0xb
 1295 01ac 00       		.byte	0
 1296 01ad 00       		.byte	0
 1297 01ae 00       		.byte	0
 1298              		.section	.debug_loc,"",%progbits
 1299              	.Ldebug_loc0:
 1300              	.LLST0:
 1301 0000 02000000 		.4byte	.LVL1
 1302 0004 08000000 		.4byte	.LVL2
 1303 0008 0200     		.2byte	0x2
 1304 000a 30       		.byte	0x30
 1305 000b 9F       		.byte	0x9f
 1306 000c 08000000 		.4byte	.LVL2
 1307 0010 30000000 		.4byte	.LVL11
 1308 0014 0100     		.2byte	0x1
 1309 0016 57       		.byte	0x57
 1310 0017 00000000 		.4byte	0
 1311 001b 00000000 		.4byte	0
 1312              	.LLST1:
 1313 001f 02000000 		.4byte	.LVL1
 1314 0023 08000000 		.4byte	.LVL2
 1315 0027 0200     		.2byte	0x2
 1316 0029 30       		.byte	0x30
 1317 002a 9F       		.byte	0x9f
 1318 002b 08000000 		.4byte	.LVL2
 1319 002f 30000000 		.4byte	.LVL10
 1320 0033 0100     		.2byte	0x1
 1321 0035 55       		.byte	0x55
 1322 0036 00000000 		.4byte	0
 1323 003a 00000000 		.4byte	0
 1324              	.LLST2:
 1325 003e 0C000000 		.4byte	.LVL3
ARM GAS  C:\Users\User\AppData\Local\Temp\cc9LmHGU.s 			page 31


 1326 0042 2C000000 		.4byte	.LVL9
 1327 0046 0100     		.2byte	0x1
 1328 0048 56       		.byte	0x56
 1329 0049 00000000 		.4byte	0
 1330 004d 00000000 		.4byte	0
 1331              	.LLST3:
 1332 0051 0E000000 		.4byte	.LVL4
 1333 0055 24000000 		.4byte	.LVL7
 1334 0059 0100     		.2byte	0x1
 1335 005b 53       		.byte	0x53
 1336 005c 26000000 		.4byte	.LVL8
 1337 0060 2C000000 		.4byte	.LVL9
 1338 0064 0100     		.2byte	0x1
 1339 0066 53       		.byte	0x53
 1340 0067 00000000 		.4byte	0
 1341 006b 00000000 		.4byte	0
 1342              	.LLST4:
 1343 006f 00000000 		.4byte	.LVL12
 1344 0073 09000000 		.4byte	.LVL14-1
 1345 0077 0100     		.2byte	0x1
 1346 0079 50       		.byte	0x50
 1347 007a 09000000 		.4byte	.LVL14-1
 1348 007e 0C000000 		.4byte	.LFE1
 1349 0082 0400     		.2byte	0x4
 1350 0084 F3       		.byte	0xf3
 1351 0085 01       		.uleb128 0x1
 1352 0086 50       		.byte	0x50
 1353 0087 9F       		.byte	0x9f
 1354 0088 00000000 		.4byte	0
 1355 008c 00000000 		.4byte	0
 1356              	.LLST5:
 1357 0090 00000000 		.4byte	.LVL12
 1358 0094 06000000 		.4byte	.LVL13
 1359 0098 0100     		.2byte	0x1
 1360 009a 51       		.byte	0x51
 1361 009b 06000000 		.4byte	.LVL13
 1362 009f 09000000 		.4byte	.LVL14-1
 1363 00a3 0100     		.2byte	0x1
 1364 00a5 52       		.byte	0x52
 1365 00a6 09000000 		.4byte	.LVL14-1
 1366 00aa 0C000000 		.4byte	.LFE1
 1367 00ae 0400     		.2byte	0x4
 1368 00b0 F3       		.byte	0xf3
 1369 00b1 01       		.uleb128 0x1
 1370 00b2 51       		.byte	0x51
 1371 00b3 9F       		.byte	0x9f
 1372 00b4 00000000 		.4byte	0
 1373 00b8 00000000 		.4byte	0
 1374              	.LLST6:
 1375 00bc 62000000 		.4byte	.LVL19
 1376 00c0 66000000 		.4byte	.LVL20
 1377 00c4 0200     		.2byte	0x2
 1378 00c6 30       		.byte	0x30
 1379 00c7 9F       		.byte	0x9f
 1380 00c8 66000000 		.4byte	.LVL20
 1381 00cc 84000000 		.4byte	.LVL22
 1382 00d0 0100     		.2byte	0x1
ARM GAS  C:\Users\User\AppData\Local\Temp\cc9LmHGU.s 			page 32


 1383 00d2 54       		.byte	0x54
 1384 00d3 86000000 		.4byte	.LVL23
 1385 00d7 D4000000 		.4byte	.LVL27
 1386 00db 0100     		.2byte	0x1
 1387 00dd 54       		.byte	0x54
 1388 00de 00000000 		.4byte	0
 1389 00e2 00000000 		.4byte	0
 1390              	.LLST7:
 1391 00e6 66000000 		.4byte	.LVL20
 1392 00ea 84000000 		.4byte	.LVL22
 1393 00ee 0B00     		.2byte	0xb
 1394 00f0 74       		.byte	0x74
 1395 00f1 00       		.sleb128 0
 1396 00f2 36       		.byte	0x36
 1397 00f3 1E       		.byte	0x1e
 1398 00f4 03       		.byte	0x3
 1399 00f5 00000000 		.4byte	cfg_memset_list.4971
 1400 00f9 22       		.byte	0x22
 1401 00fa 9F       		.byte	0x9f
 1402 00fb 84000000 		.4byte	.LVL22
 1403 00ff 86000000 		.4byte	.LVL23
 1404 0103 0B00     		.2byte	0xb
 1405 0105 74       		.byte	0x74
 1406 0106 7F       		.sleb128 -1
 1407 0107 36       		.byte	0x36
 1408 0108 1E       		.byte	0x1e
 1409 0109 03       		.byte	0x3
 1410 010a 00000000 		.4byte	cfg_memset_list.4971
 1411 010e 22       		.byte	0x22
 1412 010f 9F       		.byte	0x9f
 1413 0110 00000000 		.4byte	0
 1414 0114 00000000 		.4byte	0
 1415              		.section	.debug_aranges,"",%progbits
 1416 0000 3C000000 		.4byte	0x3c
 1417 0004 0200     		.2byte	0x2
 1418 0006 00000000 		.4byte	.Ldebug_info0
 1419 000a 04       		.byte	0x4
 1420 000b 00       		.byte	0
 1421 000c 0000     		.2byte	0
 1422 000e 0000     		.2byte	0
 1423 0010 00000000 		.4byte	.LFB4
 1424 0014 32000000 		.4byte	.LFE4-.LFB4
 1425 0018 00000000 		.4byte	.LFB6
 1426 001c 20000000 		.4byte	.LFE6-.LFB6
 1427 0020 00000000 		.4byte	.LFB1
 1428 0024 0C000000 		.4byte	.LFE1-.LFB1
 1429 0028 00000000 		.4byte	.LFB5
 1430 002c 58000000 		.4byte	.LFE5-.LFB5
 1431 0030 58000000 		.4byte	.LFB7
 1432 0034 A4000000 		.4byte	.LFE7-.LFB7
 1433 0038 00000000 		.4byte	0
 1434 003c 00000000 		.4byte	0
 1435              		.section	.debug_ranges,"",%progbits
 1436              	.Ldebug_ranges0:
 1437 0000 00000000 		.4byte	.LFB4
 1438 0004 32000000 		.4byte	.LFE4
 1439 0008 00000000 		.4byte	.LFB6
ARM GAS  C:\Users\User\AppData\Local\Temp\cc9LmHGU.s 			page 33


 1440 000c 20000000 		.4byte	.LFE6
 1441 0010 00000000 		.4byte	.LFB1
 1442 0014 0C000000 		.4byte	.LFE1
 1443 0018 00000000 		.4byte	.LFB5
 1444 001c 58000000 		.4byte	.LFE5
 1445 0020 58000000 		.4byte	.LFB7
 1446 0024 FC000000 		.4byte	.LFE7
 1447 0028 00000000 		.4byte	0
 1448 002c 00000000 		.4byte	0
 1449              		.section	.debug_line,"",%progbits
 1450              	.Ldebug_line0:
 1451 0000 69010000 		.section	.debug_str,"MS",%progbits,1
 1451      0200D600 
 1451      00000201 
 1451      FB0E0D00 
 1451      01010101 
 1452              	.LASF19:
 1453 0000 72656733 		.ascii	"reg32\000"
 1453      3200
 1454              	.LASF12:
 1455 0006 73697A65 		.ascii	"size_t\000"
 1455      5F7400
 1456              	.LASF43:
 1457 000d 416E616C 		.ascii	"AnalogSetDefault\000"
 1457      6F675365 
 1457      74446566 
 1457      61756C74 
 1457      00
 1458              	.LASF38:
 1459 001e 4379496E 		.ascii	"CyIntSetVector\000"
 1459      74536574 
 1459      56656374 
 1459      6F7200
 1460              	.LASF21:
 1461 002d 76616C75 		.ascii	"value\000"
 1461      6500
 1462              	.LASF26:
 1463 0033 636F756E 		.ascii	"count\000"
 1463      7400
 1464              	.LASF29:
 1465 0039 436C6F63 		.ascii	"ClockSetup\000"
 1465      6B536574 
 1465      757000
 1466              	.LASF30:
 1467 0044 63795F63 		.ascii	"cy_cfg_addr_table\000"
 1467      66675F61 
 1467      6464725F 
 1467      7461626C 
 1467      6500
 1468              	.LASF31:
 1469 0056 63795F63 		.ascii	"cy_cfg_data_table\000"
 1469      66675F64 
 1469      6174615F 
 1469      7461626C 
 1469      6500
 1470              	.LASF16:
 1471 0068 666C6F61 		.ascii	"float\000"
ARM GAS  C:\Users\User\AppData\Local\Temp\cc9LmHGU.s 			page 34


 1471      7400
 1472              	.LASF35:
 1473 006e 6366675F 		.ascii	"cfg_memset_list\000"
 1473      6D656D73 
 1473      65745F6C 
 1473      69737400 
 1474              	.LASF42:
 1475 007e 443A5C50 		.ascii	"D:\\Projects\\PSoC\\Workspace02\\USB_HID.cydsn\000"
 1475      726F6A65 
 1475      6374735C 
 1475      50536F43 
 1475      5C576F72 
 1476              	.LASF18:
 1477 00a9 72656738 		.ascii	"reg8\000"
 1477      00
 1478              	.LASF8:
 1479 00ae 6C6F6E67 		.ascii	"long unsigned int\000"
 1479      20756E73 
 1479      69676E65 
 1479      6420696E 
 1479      7400
 1480              	.LASF13:
 1481 00c0 75696E74 		.ascii	"uint8\000"
 1481      3800
 1482              	.LASF28:
 1483 00c6 43594D45 		.ascii	"CYMEMZERO\000"
 1483      4D5A4552 
 1483      4F00
 1484              	.LASF4:
 1485 00d0 756E7369 		.ascii	"unsigned char\000"
 1485      676E6564 
 1485      20636861 
 1485      7200
 1486              	.LASF45:
 1487 00de 6D656D73 		.ascii	"memset\000"
 1487      657400
 1488              	.LASF17:
 1489 00e5 646F7562 		.ascii	"double\000"
 1489      6C6500
 1490              	.LASF27:
 1491 00ec 6366675F 		.ascii	"cfg_write_bytes32\000"
 1491      77726974 
 1491      655F6279 
 1491      74657333 
 1491      3200
 1492              	.LASF39:
 1493 00fe 4379496E 		.ascii	"CyIntEnable\000"
 1493      74456E61 
 1493      626C6500 
 1494              	.LASF23:
 1495 010a 61646472 		.ascii	"addr_table\000"
 1495      5F746162 
 1495      6C6500
 1496              	.LASF14:
 1497 0115 75696E74 		.ascii	"uint16\000"
 1497      313600
 1498              	.LASF24:
ARM GAS  C:\Users\User\AppData\Local\Temp\cc9LmHGU.s 			page 35


 1499 011c 64617461 		.ascii	"data_table\000"
 1499      5F746162 
 1499      6C6500
 1500              	.LASF15:
 1501 0127 75696E74 		.ascii	"uint32\000"
 1501      333200
 1502              	.LASF0:
 1503 012e 756E7369 		.ascii	"unsigned int\000"
 1503      676E6564 
 1503      20696E74 
 1503      00
 1504              	.LASF44:
 1505 013b 63796669 		.ascii	"cyfitter_cfg\000"
 1505      74746572 
 1505      5F636667 
 1505      00
 1506              	.LASF32:
 1507 0148 61646472 		.ascii	"address\000"
 1507      65737300 
 1508              	.LASF9:
 1509 0150 6C6F6E67 		.ascii	"long long unsigned int\000"
 1509      206C6F6E 
 1509      6720756E 
 1509      7369676E 
 1509      65642069 
 1510              	.LASF36:
 1511 0167 43795379 		.ascii	"CySysClkImoEnableUsbLock\000"
 1511      73436C6B 
 1511      496D6F45 
 1511      6E61626C 
 1511      65557362 
 1512              	.LASF40:
 1513 0180 474E5520 		.ascii	"GNU C11 5.4.1 20160609 (release) [ARM/embedded-5-br"
 1513      43313120 
 1513      352E342E 
 1513      31203230 
 1513      31363036 
 1514 01b3 616E6368 		.ascii	"anch revision 237715] -mcpu=cortex-m0 -mthumb -g -O"
 1514      20726576 
 1514      6973696F 
 1514      6E203233 
 1514      37373135 
 1515 01e6 67202D66 		.ascii	"g -ffunction-sections -ffat-lto-objects\000"
 1515      66756E63 
 1515      74696F6E 
 1515      2D736563 
 1515      74696F6E 
 1516              	.LASF34:
 1517 020e 6366675F 		.ascii	"cfg_memset_t\000"
 1517      6D656D73 
 1517      65745F74 
 1517      00
 1518              	.LASF25:
 1519 021b 62617365 		.ascii	"baseAddr\000"
 1519      41646472 
 1519      00
 1520              	.LASF10:
ARM GAS  C:\Users\User\AppData\Local\Temp\cc9LmHGU.s 			page 36


 1521 0224 73697A65 		.ascii	"sizetype\000"
 1521      74797065 
 1521      00
 1522              	.LASF6:
 1523 022d 73686F72 		.ascii	"short unsigned int\000"
 1523      7420756E 
 1523      7369676E 
 1523      65642069 
 1523      6E7400
 1524              	.LASF1:
 1525 0240 6C6F6E67 		.ascii	"long long int\000"
 1525      206C6F6E 
 1525      6720696E 
 1525      7400
 1526              	.LASF11:
 1527 024e 63686172 		.ascii	"char\000"
 1527      00
 1528              	.LASF22:
 1529 0253 63795F63 		.ascii	"cy_cfg_addrvalue_t\000"
 1529      66675F61 
 1529      64647276 
 1529      616C7565 
 1529      5F7400
 1530              	.LASF20:
 1531 0266 6F666673 		.ascii	"offset\000"
 1531      657400
 1532              	.LASF5:
 1533 026d 73686F72 		.ascii	"short int\000"
 1533      7420696E 
 1533      7400
 1534              	.LASF37:
 1535 0277 43795379 		.ascii	"CySysClkWriteImoFreq\000"
 1535      73436C6B 
 1535      57726974 
 1535      65496D6F 
 1535      46726571 
 1536              	.LASF7:
 1537 028c 6C6F6E67 		.ascii	"long int\000"
 1537      20696E74 
 1537      00
 1538              	.LASF2:
 1539 0295 6C6F6E67 		.ascii	"long double\000"
 1539      20646F75 
 1539      626C6500 
 1540              	.LASF3:
 1541 02a1 7369676E 		.ascii	"signed char\000"
 1541      65642063 
 1541      68617200 
 1542              	.LASF41:
 1543 02ad 47656E65 		.ascii	"Generated_Source\\PSoC4\\cyfitter_cfg.c\000"
 1543      72617465 
 1543      645F536F 
 1543      75726365 
 1543      5C50536F 
 1544              	.LASF33:
 1545 02d3 73697A65 		.ascii	"size\000"
 1545      00
ARM GAS  C:\Users\User\AppData\Local\Temp\cc9LmHGU.s 			page 37


 1546              		.ident	"GCC: (GNU Tools for ARM Embedded Processors) 5.4.1 20160609 (release) [ARM/embedded-5-bran
